Component: ARM Compiler 5.06 update 1 (build 61) Tool: armlink [4d35a8]

==============================================================================

Section Cross References

    spirit_aes.o(i.SpiritAesDeriveDecKeyExecuteDec) refers to radio_spi.o(i.RadioSpiCommandStrobes) for RadioSpiCommandStrobes
    spirit_aes.o(i.SpiritAesDeriveDecKeyExecuteDec) refers to spirit_types.o(.data) for g_xStatus
    spirit_aes.o(i.SpiritAesDeriveDecKeyFromEnc) refers to radio_spi.o(i.RadioSpiCommandStrobes) for RadioSpiCommandStrobes
    spirit_aes.o(i.SpiritAesDeriveDecKeyFromEnc) refers to spirit_types.o(.data) for g_xStatus
    spirit_aes.o(i.SpiritAesExecuteDecryption) refers to radio_spi.o(i.RadioSpiCommandStrobes) for RadioSpiCommandStrobes
    spirit_aes.o(i.SpiritAesExecuteDecryption) refers to spirit_types.o(.data) for g_xStatus
    spirit_aes.o(i.SpiritAesExecuteEncryption) refers to radio_spi.o(i.RadioSpiCommandStrobes) for RadioSpiCommandStrobes
    spirit_aes.o(i.SpiritAesExecuteEncryption) refers to spirit_types.o(.data) for g_xStatus
    spirit_aes.o(i.SpiritAesMode) refers to radio_spi.o(i.RadioSpiReadRegisters) for RadioSpiReadRegisters
    spirit_aes.o(i.SpiritAesMode) refers to radio_spi.o(i.RadioSpiWriteRegisters) for RadioSpiWriteRegisters
    spirit_aes.o(i.SpiritAesMode) refers to spirit_types.o(.data) for g_xStatus
    spirit_aes.o(i.SpiritAesReadDataOut) refers to radio_spi.o(i.RadioSpiReadRegisters) for RadioSpiReadRegisters
    spirit_aes.o(i.SpiritAesReadDataOut) refers to spirit_types.o(.data) for g_xStatus
    spirit_aes.o(i.SpiritAesReadKey) refers to radio_spi.o(i.RadioSpiReadRegisters) for RadioSpiReadRegisters
    spirit_aes.o(i.SpiritAesReadKey) refers to spirit_types.o(.data) for g_xStatus
    spirit_aes.o(i.SpiritAesWriteDataIn) refers to radio_spi.o(i.RadioSpiWriteRegisters) for RadioSpiWriteRegisters
    spirit_aes.o(i.SpiritAesWriteDataIn) refers to spirit_types.o(.data) for g_xStatus
    spirit_aes.o(i.SpiritAesWriteKey) refers to radio_spi.o(i.RadioSpiWriteRegisters) for RadioSpiWriteRegisters
    spirit_aes.o(i.SpiritAesWriteKey) refers to spirit_types.o(.data) for g_xStatus
    spirit_calibration.o(i.SpiritCalibrationGetRcoCalWords) refers to radio_spi.o(i.RadioSpiReadRegisters) for RadioSpiReadRegisters
    spirit_calibration.o(i.SpiritCalibrationGetRcoCalWords) refers to spirit_types.o(.data) for g_xStatus
    spirit_calibration.o(i.SpiritCalibrationGetVcoCalData) refers to radio_spi.o(i.RadioSpiReadRegisters) for RadioSpiReadRegisters
    spirit_calibration.o(i.SpiritCalibrationGetVcoCalData) refers to spirit_types.o(.data) for g_xStatus
    spirit_calibration.o(i.SpiritCalibrationGetVcoCalDataRx) refers to radio_spi.o(i.RadioSpiReadRegisters) for RadioSpiReadRegisters
    spirit_calibration.o(i.SpiritCalibrationGetVcoCalDataRx) refers to spirit_types.o(.data) for g_xStatus
    spirit_calibration.o(i.SpiritCalibrationGetVcoCalDataTx) refers to radio_spi.o(i.RadioSpiReadRegisters) for RadioSpiReadRegisters
    spirit_calibration.o(i.SpiritCalibrationGetVcoCalDataTx) refers to spirit_types.o(.data) for g_xStatus
    spirit_calibration.o(i.SpiritCalibrationGetVcoSelecttion) refers to radio_spi.o(i.RadioSpiReadRegisters) for RadioSpiReadRegisters
    spirit_calibration.o(i.SpiritCalibrationRco) refers to radio_spi.o(i.RadioSpiReadRegisters) for RadioSpiReadRegisters
    spirit_calibration.o(i.SpiritCalibrationRco) refers to radio_spi.o(i.RadioSpiWriteRegisters) for RadioSpiWriteRegisters
    spirit_calibration.o(i.SpiritCalibrationRco) refers to spirit_types.o(.data) for g_xStatus
    spirit_calibration.o(i.SpiritCalibrationSelectVco) refers to radio_spi.o(i.RadioSpiReadRegisters) for RadioSpiReadRegisters
    spirit_calibration.o(i.SpiritCalibrationSelectVco) refers to radio_spi.o(i.RadioSpiWriteRegisters) for RadioSpiWriteRegisters
    spirit_calibration.o(i.SpiritCalibrationSetRcoCalWords) refers to radio_spi.o(i.RadioSpiReadRegisters) for RadioSpiReadRegisters
    spirit_calibration.o(i.SpiritCalibrationSetRcoCalWords) refers to radio_spi.o(i.RadioSpiWriteRegisters) for RadioSpiWriteRegisters
    spirit_calibration.o(i.SpiritCalibrationSetRcoCalWords) refers to spirit_types.o(.data) for g_xStatus
    spirit_calibration.o(i.SpiritCalibrationSetVcoCalDataRx) refers to radio_spi.o(i.RadioSpiReadRegisters) for RadioSpiReadRegisters
    spirit_calibration.o(i.SpiritCalibrationSetVcoCalDataRx) refers to radio_spi.o(i.RadioSpiWriteRegisters) for RadioSpiWriteRegisters
    spirit_calibration.o(i.SpiritCalibrationSetVcoCalDataRx) refers to spirit_types.o(.data) for g_xStatus
    spirit_calibration.o(i.SpiritCalibrationSetVcoCalDataTx) refers to radio_spi.o(i.RadioSpiReadRegisters) for RadioSpiReadRegisters
    spirit_calibration.o(i.SpiritCalibrationSetVcoCalDataTx) refers to radio_spi.o(i.RadioSpiWriteRegisters) for RadioSpiWriteRegisters
    spirit_calibration.o(i.SpiritCalibrationSetVcoCalDataTx) refers to spirit_types.o(.data) for g_xStatus
[...]
    0x080004d2   0x0000014e   Code   RO        13224    .text               mf_w.l(dadd.o)
    0x08000620   0x000000e4   Code   RO        13226    .text               mf_w.l(dmul.o)
    0x08000704   0x000000de   Code   RO        13228    .text               mf_w.l(ddiv.o)
    0x080007e2   0x0000002e   Code   RO        13230    .text               mf_w.l(dscalb.o)
    0x08000810   0x00000012   Code   RO        13232    .text               mf_w.l(fflti.o)
    0x08000822   0x0000000a   Code   RO        13234    .text               mf_w.l(ffltui.o)
    0x0800082c   0x00000022   Code   RO        13236    .text               mf_w.l(dflti.o)
    0x0800084e   0x0000001a   Code   RO        13238    .text               mf_w.l(dfltui.o)
    0x08000868   0x00000032   Code   RO        13240    .text               mf_w.l(ffixi.o)
    0x0800089a   0x00000028   Code   RO        13242    .text               mf_w.l(ffixui.o)
    0x080008c2   0x00000032   Code   RO        13246    .text               mf_w.l(dfixui.o)
    0x080008f4   0x00000014   Code   RO        13252    .text               mf_w.l(cfcmple.o)
    0x08000908   0x00000014   Code   RO        13254    .text               mf_w.l(cfrcmple.o)
    0x0800091c   0x0000001e   Code   RO        13314    .text               mc_w.l(llshl.o)
    0x0800093a   0x00000020   Code   RO        13316    .text               mc_w.l(llushr.o)
    0x0800095a   0x00000024   Code   RO        13318    .text               mc_w.l(llsshr.o)
    0x0800097e   0x0000001c   Code   RO        13329    .text               mc_w.l(_chval.o)
    0x0800099a   0x00000070   Code   RO        13337    .text               mc_w.l(strtol.o)
    0x08000a0a   0x00000000   Code   RO        13339    .text               mc_w.l(iusefp.o)
    0x08000a0a   0x0000006e   Code   RO        13340    .text               mf_w.l(fepilogue.o)
    0x08000a78   0x000000ba   Code   RO        13344    .text               mf_w.l(depilogue.o)
    0x08000b32   0x00000002   PAD
    0x08000b34   0x00000088   Code   RO        13346    .text               mf_w.l(drnd.o)
    0x08000bbc   0x00000030   Code   RO        13352    .text               mf_w.l(cdcmple.o)
    0x08000bec   0x00000030   Code   RO        13354    .text               mf_w.l(cdrcmple.o)
    0x08000c1c   0x00000024   Code   RO        13356    .text               mc_w.l(init.o)
    0x08000c40   0x0000009e   Code   RO        13366    .text               mc_w.l(_strtoul.o)
    0x08000cde   0x00000056   Code   RO        13383    .text               mc_w.l(__dczerorl2.o)
    0x08000d34   0x00000058   Code   RO         2186    i.BSP_LED_Init      stm32l1xx_nucleo.o
    0x08000d8c   0x00000018   Code   RO         2189    i.BSP_LED_Toggle    stm32l1xx_nucleo.o
    0x08000da4   0x00000018   Code   RO         2191    i.BSP_PB_GetState   stm32l1xx_nucleo.o
    0x08000dbc   0x00000078   Code   RO         2192    i.BSP_PB_Init       stm32l1xx_nucleo.o
    0x08000e34   0x00000002   Code   RO         6505    i.BusFault_Handler  stm32l1xx_it.o
    0x08000e36   0x00000002   PAD
    0x08000e38   0x00000040   Code   RO         6506    i.Contiki_SysTick_Handler  stm32l1xx_it.o
    0x08000e78   0x0000000c   Code   RO         6507    i.DMA2_Channel3_IRQHandler  stm32l1xx_it.o
    0x08000e84   0x0000002a   Code   RO         3405    i.DMA_SetConfig     stm32l1xx_hal_dma.o
    0x08000eae   0x00000002   Code   RO         6508    i.DebugMon_Handler  stm32l1xx_it.o
    0x08000eb0   0x0000001c   Code   RO         6867    i.EEPROM_Reset      esp8266.o
    0x08000ecc   0x0000003c   Code   RO         6869    i.ESP8266_Init      esp8266.o
    0x08000f08   0x000002bc   Code   RO         6870    i.ESP8266_SendData  esp8266.o
    0x080011c4   0x0000001c   Code   RO         6871    i.ESP8266_Write     esp8266.o
    0x080011e0   0x00000014   Code   RO         6509    i.EXTI0_IRQHandler  stm32l1xx_it.o
    0x080011f4   0x00000008   Code   RO         6510    i.EXTI15_10_IRQHandler  stm32l1xx_it.o
    0x080011fc   0x00000014   Code   RO         6511    i.EXTI1_IRQHandler  stm32l1xx_it.o
    0x08001210   0x00000014   Code   RO         6512    i.EXTI2_IRQHandler  stm32l1xx_it.o
    0x08001224   0x00000014   Code   RO         6513    i.EXTI3_IRQHandler  stm32l1xx_it.o
    0x08001238   0x00000034   Code   RO         6514    i.EXTI9_5_IRQHandler  stm32l1xx_it.o
    0x0800126c   0x0000000e   Code   RO         6368    i.Error_Handler     cube_hal_l1.o
    0x0800127a   0x00000002   PAD
    0x0800127c   0x00000058   Code   RO         3504    i.FLASH_SetErrorCode  stm32l1xx_hal_flash.o
    0x080012d4   0x0000005c   Code   RO         3505    i.FLASH_WaitForLastOperation  stm32l1xx_hal_flash.o
    0x08001330   0x00000064   Code   RO         6872    i.Get_Group_ID      esp8266.o
    0x08001394   0x00000010   Code   RO         2881    i.HAL_DBGMCU_EnableDBGStopMode  stm32l1xx_hal.o
    0x080013a4   0x00000030   Code   RO         3406    i.HAL_DMA_Abort     stm32l1xx_hal_dma.o
    0x080013d4   0x000000a8   Code   RO         3411    i.HAL_DMA_IRQHandler  stm32l1xx_hal_dma.o
    0x0800147c   0x00000084   Code   RO         3412    i.HAL_DMA_Init      stm32l1xx_hal_dma.o
    0x08001500   0x00000070   Code   RO         3416    i.HAL_DMA_Start_IT  stm32l1xx_hal_dma.o
    0x08001570   0x00000016   Code   RO         2883    i.HAL_Delay         stm32l1xx_hal.o
    0x08001586   0x00000002   PAD
    0x08001588   0x00000014   Code   RO         3966    i.HAL_FLASHEx_DATAEEPROM_Lock  stm32l1xx_hal_flash_ex.o
    0x0800159c   0x000000e0   Code   RO         3967    i.HAL_FLASHEx_DATAEEPROM_Program  stm32l1xx_hal_flash_ex.o
    0x0800167c   0x00000028   Code   RO         3968    i.HAL_FLASHEx_DATAEEPROM_Unlock  stm32l1xx_hal_flash_ex.o
    0x080016a4   0x0000000c   Code   RO         6515    i.HAL_GPIO_EXTI_Callback  stm32l1xx_it.o
    0x080016b0   0x00000018   Code   RO         4066    i.HAL_GPIO_EXTI_IRQHandler  stm32l1xx_hal_gpio.o
    0x080016c8   0x000001b0   Code   RO         4067    i.HAL_GPIO_Init     stm32l1xx_hal_gpio.o
    0x08001878   0x0000000a   Code   RO         4069    i.HAL_GPIO_ReadPin  stm32l1xx_hal_gpio.o
    0x08001882   0x00000008   Code   RO         4070    i.HAL_GPIO_TogglePin  stm32l1xx_hal_gpio.o
    0x0800188a   0x0000000a   Code   RO         4071    i.HAL_GPIO_WritePin  stm32l1xx_hal_gpio.o
    0x08001894   0x0000000c   Code   RO         2887    i.HAL_GetTick       stm32l1xx_hal.o
    0x080018a0   0x00000010   Code   RO         2888    i.HAL_IncTick       stm32l1xx_hal.o
    0x080018b0   0x0000002c   Code   RO         2889    i.HAL_Init          stm32l1xx_hal.o
    0x080018dc   0x00000028   Code   RO         2890    i.HAL_InitTick      stm32l1xx_hal.o
    0x08001904   0x0000003c   Code   RO         6431    i.HAL_MspInit       stm32l1xx_hal_msp.o
    0x08001940   0x00000016   Code   RO         3270    i.HAL_NVIC_DisableIRQ  stm32l1xx_hal_cortex.o
    0x08001956   0x00000016   Code   RO         3271    i.HAL_NVIC_EnableIRQ  stm32l1xx_hal_cortex.o
    0x0800196c   0x00000040   Code   RO         3277    i.HAL_NVIC_SetPriority  stm32l1xx_hal_cortex.o
    0x080019ac   0x00000024   Code   RO         3278    i.HAL_NVIC_SetPriorityGrouping  stm32l1xx_hal_cortex.o
    0x080019d0   0x00000188   Code   RO         4440    i.HAL_RCCEx_PeriphCLKConfig  stm32l1xx_hal_rcc_ex.o
    0x08001b58   0x000001d4   Code   RO         4323    i.HAL_RCC_ClockConfig  stm32l1xx_hal_rcc.o
    0x08001d2c   0x0000000c   Code   RO         4328    i.HAL_RCC_GetHCLKFreq  stm32l1xx_hal_rcc.o
    0x08001d38   0x00000030   Code   RO         4330    i.HAL_RCC_GetPCLK1Freq  stm32l1xx_hal_rcc.o
    0x08001d68   0x00000030   Code   RO         4331    i.HAL_RCC_GetPCLK2Freq  stm32l1xx_hal_rcc.o
    0x08001d98   0x0000008c   Code   RO         4332    i.HAL_RCC_GetSysClockFreq  stm32l1xx_hal_rcc.o
    0x08001e24   0x00000758   Code   RO         4335    i.HAL_RCC_OscConfig  stm32l1xx_hal_rcc.o
    0x0800257c   0x0000009c   Code   RO         5913    i.HAL_RTC_Init      stm32l1xx_hal_rtc.o
    0x08002618   0x00000060   Code   RO         6432    i.HAL_RTC_MspInit   stm32l1xx_hal_msp.o
    0x08002678   0x000000c8   Code   RO         5917    i.HAL_RTC_SetDate   stm32l1xx_hal_rtc.o
    0x08002740   0x000000e8   Code   RO         5918    i.HAL_RTC_SetTime   stm32l1xx_hal_rtc.o
    0x08002828   0x0000003a   Code   RO         6060    i.HAL_RTC_WaitForSynchro  stm32l1xx_hal_rtc_ex.o
    0x08002862   0x00000028   Code   RO         4506    i.HAL_SPI_DeInit    stm32l1xx_hal_spi.o
    0x0800288a   0x00000006   Code   RO         4509    i.HAL_SPI_GetState  stm32l1xx_hal_spi.o
    0x08002890   0x00000084   Code   RO         4746    i.HAL_SPI_Init      stm32l1xx_hal_spi_ex.o
    0x08002914   0x00000002   Code   RO         4512    i.HAL_SPI_MspDeInit  stm32l1xx_hal_spi.o
    0x08002916   0x00000002   PAD
    0x08002918   0x000000cc   Code   RO         2751    i.HAL_SPI_MspInit   radio_spi.o
    0x080029e4   0x00000142   Code   RO         4519    i.HAL_SPI_Transmit  stm32l1xx_hal_spi.o
    0x08002b26   0x000002b2   Code   RO         4520    i.HAL_SPI_TransmitReceive  stm32l1xx_hal_spi.o
    0x08002dd8   0x00000018   Code   RO         3280    i.HAL_SYSTICK_CLKSourceConfig  stm32l1xx_hal_cortex.o
    0x08002df0   0x00000028   Code   RO         3282    i.HAL_SYSTICK_Config  stm32l1xx_hal_cortex.o
    0x08002e18   0x00000036   Code   RO         4776    i.HAL_TIM_Base_Init  stm32l1xx_hal_tim.o
    0x08002e4e   0x00000002   PAD
    0x08002e50   0x00000038   Code   RO         6434    i.HAL_TIM_Base_MspInit  stm32l1xx_hal_msp.o
    0x08002e88   0x00000018   Code   RO         4781    i.HAL_TIM_Base_Start_IT  stm32l1xx_hal_tim.o
    0x08002ea0   0x000000f2   Code   RO         4785    i.HAL_TIM_ConfigClockSource  stm32l1xx_hal_tim.o
    0x08002f92   0x00000056   Code   RO         4819    i.HAL_TIM_OC_ConfigChannel  stm32l1xx_hal_tim.o
    0x08002fe8   0x00000036   Code   RO         4823    i.HAL_TIM_OC_Init   stm32l1xx_hal_tim.o
    0x0800301e   0x00000002   Code   RO         4825    i.HAL_TIM_OC_MspInit  stm32l1xx_hal_tim.o
    0x08003020   0x00000068   Code   RO         5448    i.HAL_UART_DMAResume  stm32l1xx_hal_uart.o
    0x08003088   0x00000028   Code   RO         5449    i.HAL_UART_DMAStop  stm32l1xx_hal_uart.o
    0x080030b0   0x00000002   Code   RO         5451    i.HAL_UART_ErrorCallback  stm32l1xx_hal_uart.o
    0x080030b2   0x00000002   PAD
    0x080030b4   0x000000de   Code   RO         5454    i.HAL_UART_IRQHandler  stm32l1xx_hal_uart.o
    0x08003192   0x0000005e   Code   RO         5455    i.HAL_UART_Init     stm32l1xx_hal_uart.o
    0x080031f0   0x00000104   Code   RO         6436    i.HAL_UART_MspInit  stm32l1xx_hal_msp.o
    0x080032f4   0x00000080   Code   RO         5459    i.HAL_UART_Receive_DMA  stm32l1xx_hal_uart.o
    0x08003374   0x0000006a   Code   RO         5460    i.HAL_UART_Receive_IT  stm32l1xx_hal_uart.o
    0x080033de   0x00000002   PAD
    0x080033e0   0x00000048   Code   RO        12662    i.HAL_UART_RxCpltCallback  uart-msg.o
    0x08003428   0x000000cc   Code   RO         5463    i.HAL_UART_Transmit  stm32l1xx_hal_uart.o
    0x080034f4   0x00000002   Code   RO         6516    i.HAL_UART_TxCpltCallback  stm32l1xx_it.o
    0x080034f6   0x00000002   Code   RO         6517    i.HardFault_Handler  stm32l1xx_it.o
    0x080034f8   0x00000088   Code   RO         6873    i.Load_AP_Setting   esp8266.o
    0x08003580   0x0000003c   Code   RO         6369    i.MX_GPIO_Init      cube_hal_l1.o
    0x080035bc   0x00000048   Code   RO         6874    i.MX_UART4_UART_Init  esp8266.o
    0x08003604   0x00000002   Code   RO         6518    i.MemManage_Handler  stm32l1xx_it.o
    0x08003606   0x00000002   Code   RO         6519    i.NMI_Handler       stm32l1xx_it.o
    0x08003608   0x00000020   Code   RO         3284    i.NVIC_SetPriority  stm32l1xx_hal_cortex.o
    0x08003628   0x00000002   Code   RO         6520    i.PendSV_Handler    stm32l1xx_it.o
    0x0800362a   0x00000002   PAD
    0x0800362c   0x00000080   Code   RO         4336    i.RCC_SetFlashLatencyFromMSIRange  stm32l1xx_hal_rcc.o
    0x080036ac   0x00000012   Code   RO         5919    i.RTC_Bcd2ToByte    stm32l1xx_hal_rtc.o
    0x080036be   0x00000016   Code   RO         5920    i.RTC_ByteToBcd2    stm32l1xx_hal_rtc.o
    0x080036d4   0x00000034   Code   RO         6370    i.RTC_Config        cube_hal_l1.o
    0x08003708   0x0000003a   Code   RO         5921    i.RTC_EnterInitMode  stm32l1xx_hal_rtc.o
    0x08003742   0x00000002   PAD
    0x08003744   0x0000005c   Code   RO         6371    i.RTC_TimeStampConfig  cube_hal_l1.o
    0x080037a0   0x000000b0   Code   RO         2525    i.RadioGpioInit     radio_gpio.o
    0x08003850   0x00000028   Code   RO         2526    i.RadioGpioInterruptCmd  radio_gpio.o
    0x08003878   0x00000044   Code   RO         2694    i.RadioShieldLedInit  radio_shield_config.o
    0x080038bc   0x000000ac   Code   RO         2752    i.RadioSpiCommandStrobes  radio_spi.o
    0x08003968   0x00000048   Code   RO         2753    i.RadioSpiInit      radio_spi.o
    0x080039b0   0x000000d8   Code   RO         2754    i.RadioSpiReadFifo  radio_spi.o
    0x08003a88   0x000000dc   Code   RO         2755    i.RadioSpiReadRegisters  radio_spi.o
    0x08003b64   0x000000c4   Code   RO         2756    i.RadioSpiWriteFifo  radio_spi.o
    0x08003c28   0x000000c4   Code   RO         2757    i.RadioSpiWriteRegisters  radio_spi.o
    0x08003cec   0x000000a8   Code   RO         6875    i.Reg_Connect_AP    esp8266.o
    0x08003d94   0x000000e4   Code   RO         6876    i.Reg_Project_Check  esp8266.o
    0x08003e78   0x000001e4   Code   RO         6877    i.Reg_Server_Account  esp8266.o
    0x0800405c   0x00000274   Code   RO         6878    i.Reg_Server_Registration  esp8266.o
    0x080042d0   0x0000009c   Code   RO         6879    i.Report_Connect_AP  esp8266.o
    0x0800436c   0x0000009e   Code   RO         4541    i.SPI_WaitOnFlagUntilTimeout  stm32l1xx_hal_spi.o
    0x0800440a   0x00000002   PAD
    0x0800440c   0x00000034   Code   RO         2758    i.SPI_Write         radio_spi.o
    0x08004440   0x00000002   Code   RO         6521    i.SVC_Handler       stm32l1xx_it.o
    0x08004442   0x00000002   PAD
    0x08004444   0x00000088   Code   RO         6880    i.Save_AP_Setting   esp8266.o
    0x080044cc   0x00000058   Code   RO           84    i.SpiritCalibrationGetVcoCalData  spirit_calibration.o
    0x08004524   0x0000003a   Code   RO           89    i.SpiritCalibrationSelectVco  spirit_calibration.o
    0x0800455e   0x00000002   PAD
    0x08004560   0x000000a4   Code   RO           91    i.SpiritCalibrationSetVcoCalDataRx  spirit_calibration.o
    0x08004604   0x000000a4   Code   RO           92    i.SpiritCalibrationSetVcoCalDataTx  spirit_calibration.o
    0x080046a8   0x000000ac   Code   RO           93    i.SpiritCalibrationVco  spirit_calibration.o
    0x08004754   0x00000048   Code   RO          162    i.SpiritCmdStrobeCommand  spirit_commands.o
    0x0800479c   0x00000058   Code   RO          542    i.SpiritGpioInit    spirit_gpio.o
    0x080047f4   0x000000d0   Code   RO          618    i.SpiritIrq         spirit_irq.o
    0x080048c4   0x00000050   Code   RO          620    i.SpiritIrqClearStatus  spirit_irq.o
    0x08004914   0x00000058   Code   RO          621    i.SpiritIrqDeInit   spirit_irq.o
    0x0800496c   0x00000068   Code   RO          623    i.SpiritIrqGetStatus  spirit_irq.o
    0x080049d4   0x00000058   Code   RO          674    i.SpiritLinearFifoReadNumElementsRxFifo  spirit_linearfifo.o
    0x08004a2c   0x00000160   Code   RO          740    i.SpiritManagementSetFrequencyBase  spirit_management.o
    0x08004b8c   0x00000010   Code   RO          744    i.SpiritManagementWaTRxFcMem  spirit_management.o
    0x08004b9c   0x00000144   Code   RO          745    i.SpiritManagementWaVcoCalibration  spirit_management.o
    0x08004ce0   0x0000005c   Code   RO          791    i.SpiritPktBasicGetAddressField  spirit_pktbasic.o
    0x08004d3c   0x00000070   Code   RO          795    i.SpiritPktBasicGetReceivedPktLength  spirit_pktbasic.o
    0x08004dac   0x0000021c   Code   RO          796    i.SpiritPktBasicInit  spirit_pktbasic.o
    0x08004fc8   0x0000006c   Code   RO          798    i.SpiritPktBasicSetPayloadLength  spirit_pktbasic.o
    0x08005034   0x000000ac   Code   RO          869    i.SpiritPktCommonFilterOnCrc  spirit_pktcommon.o
    0x080050e0   0x00000058   Code   RO          873    i.SpiritPktCommonGetControlLength  spirit_pktcommon.o
    0x08005138   0x00000054   Code   RO         1303    i.SpiritQiGetLqi    spirit_qi.o
    0x0800518c   0x00000054   Code   RO         1306    i.SpiritQiGetRssi   spirit_qi.o
    0x080051e0   0x00000058   Code   RO         1317    i.SpiritQiSetRssiThresholddBm  spirit_qi.o
    0x08005238   0x000000a4   Code   RO         1318    i.SpiritQiSetSqiThreshold  spirit_qi.o
    0x080052dc   0x000000ac   Code   RO         1319    i.SpiritQiSqiCheck  spirit_qi.o
    0x08005388   0x00000078   Code   RO         1442    i.SpiritRadioAFCFreezeOnSync  spirit_radio.o
    0x08005400   0x00000070   Code   RO         1457    i.SpiritRadioGetBand  spirit_radio.o
    0x08005470   0x00000054   Code   RO         1459    i.SpiritRadioGetChannel  spirit_radio.o
    0x080054c4   0x00000060   Code   RO         1461    i.SpiritRadioGetChannelSpace  spirit_radio.o
    0x08005524   0x00000060   Code   RO         1467    i.SpiritRadioGetDigDiv  spirit_radio.o
    0x08005584   0x0000005c   Code   RO         1468    i.SpiritRadioGetFrequencyBase  spirit_radio.o
    0x080055e0   0x00000080   Code   RO         1470    i.SpiritRadioGetFrequencyOffset  spirit_radio.o
    0x08005660   0x00000058   Code   RO         1482    i.SpiritRadioGetRefDiv  spirit_radio.o
    0x080056b8   0x00000070   Code   RO         1484    i.SpiritRadioGetSynthWord  spirit_radio.o
    0x08005728   0x0000000c   Code   RO         1486    i.SpiritRadioGetXtalFrequency  spirit_radio.o
    0x08005734   0x00000104   Code   RO         1487    i.SpiritRadioGetdBm2Reg  spirit_radio.o
    0x08005838   0x0000034c   Code   RO         1488    i.SpiritRadioInit   spirit_radio.o
    0x08005b84   0x00000074   Code   RO         1490    i.SpiritRadioPersistenRx  spirit_radio.o
    0x08005bf8   0x000000c0   Code   RO         1491    i.SpiritRadioSearchChannelBwME  spirit_radio.o
    0x08005cb8   0x000000c4   Code   RO         1492    i.SpiritRadioSearchDatarateME  spirit_radio.o
    0x08005d7c   0x000000d4   Code   RO         1493    i.SpiritRadioSearchFreqDevME  spirit_radio.o
    0x08005e50   0x000000ac   Code   RO         1494    i.SpiritRadioSearchWCP  spirit_radio.o
    0x08005efc   0x00000074   Code   RO         1513    i.SpiritRadioSetDigDiv  spirit_radio.o
    0x08005f70   0x00000188   Code   RO         1514    i.SpiritRadioSetFrequencyBase  spirit_radio.o
    0x080060f8   0x00000068   Code   RO         1522    i.SpiritRadioSetPALevelMaxIndex  spirit_radio.o
    0x08006160   0x00000064   Code   RO         1523    i.SpiritRadioSetPALeveldBm  spirit_radio.o
    0x080061c4   0x00000074   Code   RO         1527    i.SpiritRadioSetRefDiv  spirit_radio.o
    0x08006238   0x000000b0   Code   RO         1529    i.SpiritRadioSetXtalFlag  spirit_radio.o
    0x080062e8   0x0000000c   Code   RO         1530    i.SpiritRadioSetXtalFrequency  spirit_radio.o
    0x080062f4   0x00000068   Code   RO         2152    i.SpiritRefreshStatus  spirit_types.o
    0x0800635c   0x00000050   Code   RO         2015    i.SpiritTimerSetRxTimeoutCounter  spirit_timer.o
    0x080063ac   0x000000b8   Code   RO         2018    i.SpiritTimerSetRxTimeoutStopCondition  spirit_timer.o
    0x08006464   0x000000d4   Code   RO        12330    i.Stack_6LoWPAN_Init  contiki-spirit1-main.o
    0x08006538   0x0000000e   Code   RO         6522    i.SysTick_Handler   stm32l1xx_it.o
    0x08006546   0x00000002   PAD
    0x08006548   0x0000008c   Code   RO         6372    i.SystemClock_Config  cube_hal_l1.o
    0x080065d4   0x00000050   Code   RO         2835    i.SystemInit        system_stm32l1xx.o
    0x08006624   0x0000001c   Code   RO         6523    i.TIM2_IRQHandler   stm32l1xx_it.o
    0x08006640   0x0000007c   Code   RO         4860    i.TIM_Base_SetConfig  stm32l1xx_hal_tim.o
    0x080066bc   0x00000014   Code   RO         4867    i.TIM_ETR_SetConfig  stm32l1xx_hal_tim.o
    0x080066d0   0x00000010   Code   RO         4868    i.TIM_ITRx_SetConfig  stm32l1xx_hal_tim.o
    0x080066e0   0x0000002c   Code   RO         4869    i.TIM_OC1_SetConfig  stm32l1xx_hal_tim.o
    0x0800670c   0x00000030   Code   RO         4870    i.TIM_OC2_SetConfig  stm32l1xx_hal_tim.o
    0x0800673c   0x0000002e   Code   RO         4871    i.TIM_OC3_SetConfig  stm32l1xx_hal_tim.o
    0x0800676a   0x00000030   Code   RO         4872    i.TIM_OC4_SetConfig  stm32l1xx_hal_tim.o
    0x0800679a   0x00000022   Code   RO         4874    i.TIM_TI1_ConfigInputStage  stm32l1xx_hal_tim.o
    0x080067bc   0x00000024   Code   RO         4876    i.TIM_TI2_ConfigInputStage  stm32l1xx_hal_tim.o
    0x080067e0   0x00000060   Code   RO         6524    i.UART4_IRQHandler  stm32l1xx_it.o
    0x08006840   0x0000001e   Code   RO         5468    i.UART_DMAError     stm32l1xx_hal_uart.o
    0x0800685e   0x00000002   PAD
    0x08006860   0x00000036   Code   RO         5469    i.UART_DMAReceiveCplt  stm32l1xx_hal_uart.o
    0x08006896   0x00000002   PAD
    0x08006898   0x000000a8   Code   RO         5472    i.UART_Receive_IT   stm32l1xx_hal_uart.o
    0x08006940   0x000002cc   Code   RO         5473    i.UART_SetConfig    stm32l1xx_hal_uart.o
    0x08006c0c   0x00000066   Code   RO         5474    i.UART_Transmit_IT  stm32l1xx_hal_uart.o
    0x08006c72   0x00000092   Code   RO         5475    i.UART_WaitOnFlagUntilTimeout  stm32l1xx_hal_uart.o
    0x08006d04   0x00000040   Code   RO         6525    i.USART2_IRQHandler  stm32l1xx_it.o
    0x08006d44   0x000000bc   Code   RO         6437    i.USARTConfig       stm32l1xx_hal_msp.o
    0x08006e00   0x00000002   Code   RO         6526    i.UsageFault_Handler  stm32l1xx_it.o
    0x08006e02   0x00000002   Code   RO         6527    i.WWDG_IRQHandler   stm32l1xx_it.o
    0x08006e04   0x000000c4   Code   RO         6881    i.WifiTask          esp8266.o
    0x08006ec8   0x00000080   Code   RO         6884    i.Wifi_GetMode      esp8266.o
    0x08006f48   0x00000012   Code   RO         6886    i.Wifi_Init         esp8266.o
    0x08006f5a   0x00000002   PAD
    0x08006f5c   0x00000020   Code   RO         6890    i.Wifi_ReturnInteger  esp8266.o
    0x08006f7c   0x00000048   Code   RO         6891    i.Wifi_ReturnString  esp8266.o
    0x08006fc4   0x0000001c   Code   RO         6894    i.Wifi_RxClear      esp8266.o
    0x08006fe0   0x00000034   Code   RO         6895    i.Wifi_SendRaw      esp8266.o
    0x08007014   0x00000014   Code   RO         6896    i.Wifi_SendString   esp8266.o
    0x08007028   0x00000020   Code   RO         6897    i.Wifi_SendStringAndWait  esp8266.o
    0x08007048   0x00000070   Code   RO         6898    i.Wifi_SetMode      esp8266.o
    0x080070b8   0x00000068   Code   RO         6899    i.Wifi_SetRfPower   esp8266.o
    0x08007120   0x00000094   Code   RO         6900    i.Wifi_SoftAp_Create  esp8266.o
    0x080071b4   0x000000e8   Code   RO         6902    i.Wifi_Station_ConnectToAp  esp8266.o
    0x0800729c   0x000000ac   Code   RO         6904    i.Wifi_Station_DhcpIsEnable  esp8266.o
    0x08007348   0x0000008c   Code   RO         6907    i.Wifi_TcpIp_Close  esp8266.o
    0x080073d4   0x00000074   Code   RO         6915    i.Wifi_TcpIp_SetMultiConnection  esp8266.o
    0x08007448   0x000000cc   Code   RO         6916    i.Wifi_TcpIp_StartTcpConnection  esp8266.o
    0x08007514   0x000000b8   Code   RO         6917    i.Wifi_TcpIp_StartUdpConnection  esp8266.o
    0x080075cc   0x00000010   Code   RO         6918    i.Wifi_TxClear      esp8266.o
    0x080075dc   0x00000094   Code   RO         6924    i.Wifi_WaitForString  esp8266.o
    0x08007670   0x00000020   Code   RO        13126    i.__0printf$8       mc_w.l(printf8.o)
    0x08007690   0x00000028   Code   RO        13128    i.__0sprintf$8      mc_w.l(printf8.o)
    0x080076b8   0x00000008   Code   RO        13322    i.__aeabi_errno_addr  mc_w.l(errno.o)
    0x080076c0   0x0000000e   Code   RO        13377    i.__scatterload_copy  mc_w.l(handlers.o)
    0x080076ce   0x00000002   Code   RO        13378    i.__scatterload_null  mc_w.l(handlers.o)
    0x080076d0   0x0000000e   Code   RO        13379    i.__scatterload_zeroinit  mc_w.l(handlers.o)
    0x080076de   0x00000002   PAD
    0x080076e0   0x00000410   Code   RO        13133    i._printf_core      mc_w.l(printf8.o)
    0x08007af0   0x00000024   Code   RO        13134    i._printf_post_padding  mc_w.l(printf8.o)
    0x08007b14   0x0000002e   Code   RO        13135    i._printf_pre_padding  mc_w.l(printf8.o)
    0x08007b42   0x0000000a   Code   RO        13137    i._sputc            mc_w.l(printf8.o)
    0x08007b4c   0x0000002c   Code   RO        10650    i.acceptable_rank   rpl-dag.o
    0x08007b78   0x00000138   Code   RO         8889    i.add_fragment      sicslowpan.o
    0x08007cb0   0x00000012   Code   RO        10651    i.add_nbr_from_dio  rpl-dag.o
    0x08007cc2   0x00000002   PAD
    0x08007cc4   0x00000044   Code   RO        11714    i.add_timer         etimer.o
    0x08007d08   0x00000038   Code   RO         8890    i.addr_context_lookup_by_number  sicslowpan.o
    0x08007d40   0x0000003c   Code   RO         8891    i.addr_context_lookup_by_prefix  sicslowpan.o
    0x08007d7c   0x00000010   Code   RO        10050    i.addr_len          frame802154.o
    0x08007d8c   0x0000001a   Code   RO        11567    i.autostart_start   autostart.o
    0x08007da6   0x00000026   Code   RO        11215    i.best_dag          rpl-mrhof.o
    0x08007dcc   0x00000074   Code   RO        10652    i.best_parent       rpl-dag.o
    0x08007e40   0x00000068   Code   RO        11216    i.best_parent       rpl-mrhof.o
    0x08007ea8   0x00000044   Code   RO        11814    i.call_process      process.o
    0x08007eec   0x00000044   Code   RO         9656    i.call_route_callback  uip-ds6-route.o
    0x08007f30   0x00000010   Code   RO         9955    i.channel_check_interval  csma.o
    0x08007f40   0x00000004   Code   RO        10417    i.channel_check_interval  nullrdc.o
    0x08007f44   0x0000005c   Code   RO        10653    i.check_prefix      rpl-dag.o
    0x08007fa0   0x0000003a   Code   RO         9175    i.chksum            uip6.o
    0x08007fda   0x00000002   PAD
    0x08007fdc   0x00000044   Code   RO         8892    i.clear_fragments   sicslowpan.o
    0x08008020   0x00000028   Code   RO        12204    i.clock_init        clock.o
    0x08008048   0x0000000c   Code   RO        12205    i.clock_seconds     clock.o
    0x08008054   0x0000000c   Code   RO        12207    i.clock_time        clock.o
    0x08008060   0x00000014   Code   RO        12208    i.clock_wait        clock.o
    0x08008074   0x00000090   Code   RO         8893    i.compress_addr_64  sicslowpan.o
    0x08008104   0x00000348   Code   RO         8894    i.compress_hdr_iphc  sicslowpan.o
    0x0800844c   0x00000028   Code   RO        12031    i.configure         button-sensor.o
    0x08008474   0x0000001c   Code   RO        12121    i.configure         radio-sensor.o
    0x08008490   0x00000060   Code   RO         8895    i.copy_frags2uip    sicslowpan.o
    0x080084f0   0x00000008   Code   RO        10234    i.create            framer-802154.o
    0x080084f8   0x0000011c   Code   RO        10235    i.create_frame      framer-802154.o
    0x08008614   0x00000094   Code   RO         3606    i.create_rpl_dag    border-router_1.o
    0x080086a8   0x00000020   Code   RO        11627    i.ctimer_init       ctimer.o
    0x080086c8   0x00000034   Code   RO        11628    i.ctimer_reset      ctimer.o
    0x080086fc   0x00000034   Code   RO        11629    i.ctimer_restart    ctimer.o
    0x08008730   0x00000014   Code   RO        11630    i.ctimer_set        ctimer.o
    0x08008744   0x00000040   Code   RO        11631    i.ctimer_set_with_process  ctimer.o
    0x08008784   0x00000028   Code   RO        11632    i.ctimer_stop       ctimer.o
    0x080087ac   0x00000014   Code   RO        11105    i.dao_ack_input     rpl-icmp6.o
    0x080087c0   0x00000038   Code   RO        11107    i.dao_input         rpl-icmp6.o
    0x080087f8   0x00000248   Code   RO        11108    i.dao_input_storing  rpl-icmp6.o
    0x08008a40   0x0000008c   Code   RO        11109    i.dao_output        rpl-icmp6.o
    0x08008acc   0x0000000c   Code   RO        11110    i.dao_output_target  rpl-icmp6.o
    0x08008ad8   0x000000e4   Code   RO        11111    i.dao_output_target_seq  rpl-icmp6.o
    0x08008bbc   0x00000238   Code   RO        11112    i.dio_input         rpl-icmp6.o
    0x08008df4   0x000001f8   Code   RO        11113    i.dio_output        rpl-icmp6.o
    0x08008fec   0x00000064   Code   RO        11114    i.dis_input         rpl-icmp6.o
    0x08009050   0x00000054   Code   RO        11115    i.dis_output        rpl-icmp6.o
    0x080090a4   0x0000006c   Code   RO        11815    i.do_event          process.o
    0x08009110   0x0000002c   Code   RO        11816    i.do_poll           process.o
    0x0800913c   0x00000098   Code   RO         9804    i.echo_reply_input  uip-icmp6.o
    0x080091d4   0x000000b0   Code   RO         9805    i.echo_request_input  uip-icmp6.o
    0x08009284   0x00000002   Code   RO        11684    i.energest_flush    energest.o
    0x08009286   0x00000002   Code   RO        11685    i.energest_init     energest.o
    0x08009288   0x00000008   Code   RO        11716    i.etimer_expiration_time  etimer.o
    0x08009290   0x0000000c   Code   RO        11717    i.etimer_expired    etimer.o
    0x0800929c   0x00000010   Code   RO        11719    i.etimer_pending    etimer.o
    0x080092ac   0x0000000c   Code   RO        11720    i.etimer_request_poll  etimer.o
    0x080092b8   0x00000012   Code   RO        11721    i.etimer_reset      etimer.o
    0x080092ca   0x00000012   Code   RO        11723    i.etimer_restart    etimer.o
    0x080092dc   0x00000012   Code   RO        11724    i.etimer_set        etimer.o
    0x080092ee   0x00000002   PAD
    0x080092f0   0x00000030   Code   RO        11726    i.etimer_stop       etimer.o
    0x08009320   0x00000140   Code   RO         8354    i.eventhandler      tcpip.o
    0x08009460   0x0000007c   Code   RO        11817    i.exit_process      process.o
    0x080094dc   0x00000098   Code   RO         9176    i.ext_hdr_options_process  uip6.o
    0x08009574   0x0000006c   Code   RO        10051    i.field_len         frame802154.o
    0x080095e0   0x0000001c   Code   RO        10654    i.find_parent_any_dag_any_instance  rpl-dag.o
    0x080095fc   0x00000010   Code   RO        10655    i.find_parent_dag   rpl-dag.o
    0x0800960c   0x00000030   Code   RO        11482    i.find_removable_dao  rpl-nbr-policy.o
    0x0800963c   0x00000034   Code   RO        11483    i.find_removable_dio  rpl-nbr-policy.o
    0x08009670   0x0000001c   Code   RO        11484    i.find_removable_dis  rpl-nbr-policy.o
    0x0800968c   0x00000004   Code   RO        12273    i.fputc             console.o
    0x08009690   0x00000086   Code   RO        10053    i.frame802154_create  frame802154.o
    0x08009716   0x00000056   Code   RO        10054    i.frame802154_create_fcf  frame802154.o
    0x0800976c   0x0000000c   Code   RO        10056    i.frame802154_get_pan_id  frame802154.o
    0x08009778   0x000000a0   Code   RO        10057    i.frame802154_has_panid  frame802154.o
    0x08009818   0x0000002e   Code   RO        10058    i.frame802154_hdrlen  frame802154.o
    0x08009846   0x00000020   Code   RO        10059    i.frame802154_is_broadcast_addr  frame802154.o
    0x08009866   0x00000002   PAD
    0x08009868   0x00000124   Code   RO        10060    i.frame802154_parse  frame802154.o
    0x0800998c   0x00000064   Code   RO        10061    i.frame802154_parse_fcf  frame802154.o
    0x080099f0   0x00000050   Code   RO        13180    i.free              mc_w.l(malloc.o)
    0x08009a40   0x0000006c   Code   RO         9956    i.free_packet       csma.o
    0x08009aac   0x00000008   Code   RO        11116    i.get16             rpl-icmp6.o
    0x08009ab4   0x00000010   Code   RO        11117    i.get32             rpl-icmp6.o
    0x08009ac4   0x0000003c   Code   RO         9336    i.get_match_length  uip-ds6.o
    0x08009b00   0x00000038   Code   RO        11368    i.get_probing_delay  rpl-timers.o
    0x08009b38   0x000000b4   Code   RO        11369    i.get_probing_target  rpl-timers.o
    0x08009bec   0x0000008c   Code   RO        10656    i.global_repair     rpl-dag.o
    0x08009c78   0x0000000c   Code   RO         7243    i.goBlank           tiny-json.o
    0x08009c84   0x00000024   Code   RO         7244    i.goNum             tiny-json.o
    0x08009ca8   0x0000001e   Code   RO         7245    i.goWhile           tiny-json.o
    0x08009cc6   0x00000002   PAD
    0x08009cc8   0x0000005c   Code   RO        11370    i.handle_dao_timer  rpl-timers.o
    0x08009d24   0x00000084   Code   RO        11371    i.handle_dio_timer  rpl-timers.o
    0x08009da8   0x00000098   Code   RO         6791    i.handle_incoming_reg  servreg-hack.o
    0x08009e40   0x00000050   Code   RO        11372    i.handle_periodic_timer  rpl-timers.o
    0x08009e90   0x00000014   Code   RO        11485    i.handle_periodic_timer  rpl-nbr-policy.o
    0x08009ea4   0x00000032   Code   RO        11373    i.handle_probing_timer  rpl-timers.o
    0x08009ed6   0x0000001c   Code   RO        11374    i.handle_unicast_dio_timer  rpl-timers.o
    0x08009ef2   0x00000008   Code   RO        10236    i.hdr_length        framer-802154.o
    0x08009efa   0x00000016   Code   RO         7536    i.index_from_item   nbr-table.o
    0x08009f10   0x0000001c   Code   RO         7537    i.index_from_key    nbr-table.o
    0x08009f2c   0x00000040   Code   RO         7538    i.index_from_lladdr  nbr-table.o
    0x08009f6c   0x00000024   Code   RO         6738    i.init              slip-bridge.o
    0x08009f90   0x00000002   Code   RO         9923    i.init              nullsec.o
    0x08009f92   0x00000002   PAD
    0x08009f94   0x00000020   Code   RO         9957    i.init              csma.o
    0x08009fb4   0x0000000c   Code   RO        10418    i.init              nullrdc.o
    0x08009fc0   0x000001e0   Code   RO         8896    i.input             sicslowpan.o
    0x0800a1a0   0x0000000c   Code   RO         9924    i.input             nullsec.o
    0x0800a1ac   0x0000000c   Code   RO         9958    i.input_packet      csma.o
    0x0800a1b8   0x000000b0   Code   RO        11067    i.insert_hbh_header  rpl-ext-header.o
    0x0800a268   0x00000028   Code   RO         7246    i.isEndOfPrimitive  tiny-json.o
    0x0800a290   0x00000016   Code   RO         7247    i.isOneOfThem       tiny-json.o
    0x0800a2a6   0x00000014   Code   RO         7539    i.item_from_index   nbr-table.o
    0x0800a2ba   0x00000016   Code   RO         7540    i.item_from_key     nbr-table.o
    0x0800a2d0   0x0000003e   Code   RO         7248    i.json_create       tiny-json.o
    0x0800a30e   0x00000022   Code   RO         7249    i.json_getProperty  tiny-json.o
    0x0800a330   0x0000001c   Code   RO         7541    i.key_from_index    nbr-table.o
    0x0800a34c   0x0000000e   Code   RO         7542    i.key_from_item     nbr-table.o
    0x0800a35a   0x00000002   PAD
    0x0800a35c   0x00000010   Code   RO         7942    i.link_stats_from_lladdr  link-stats.o
    0x0800a36c   0x0000002c   Code   RO         7943    i.link_stats_init   link-stats.o
    0x0800a398   0x00000054   Code   RO         7944    i.link_stats_input_callback  link-stats.o
    0x0800a3ec   0x00000028   Code   RO         7945    i.link_stats_is_fresh  link-stats.o
    0x0800a414   0x00000080   Code   RO         7946    i.link_stats_packet_sent  link-stats.o
    0x0800a494   0x00000012   Code   RO         7505    i.linkaddr_cmp      linkaddr.o
    0x0800a4a6   0x0000000a   Code   RO         7506    i.linkaddr_copy     linkaddr.o
    0x0800a4b0   0x00000010   Code   RO         7507    i.linkaddr_set_node_addr  linkaddr.o
    0x0800a4c0   0x0000001e   Code   RO         7326    i.list_add          list.o
    0x0800a4de   0x00000004   Code   RO         7329    i.list_head         list.o
    0x0800a4e2   0x00000006   Code   RO         7330    i.list_init         list.o
    0x0800a4e8   0x00000008   Code   RO         7332    i.list_item_next    list.o
    0x0800a4f0   0x00000012   Code   RO         7333    i.list_length       list.o
    0x0800a502   0x00000012   Code   RO         7335    i.list_push         list.o
    0x0800a514   0x00000028   Code   RO         7336    i.list_remove       list.o
    0x0800a53c   0x00000012   Code   RO         7337    i.list_tail         list.o
    0x0800a54e   0x0000002e   Code   RO        10657    i.lollipop_greater_than  rpl-dag.o
    0x0800a57c   0x0000001a   Code   RO        10294    i.mac_call_sent_callback  mac.o
    0x0800a596   0x00000002   PAD
    0x0800a598   0x0000006c   Code   RO         6305    i.main              main.o
    0x0800a604   0x0000006c   Code   RO        13181    i.malloc            mc_w.l(malloc.o)
    0x0800a670   0x00000026   Code   RO         7403    i.memb_alloc        memb.o
    0x0800a696   0x0000002c   Code   RO         7404    i.memb_free         memb.o
    0x0800a6c2   0x0000001c   Code   RO         7405    i.memb_init         memb.o
    0x0800a6de   0x0000001a   Code   RO         7406    i.memb_inmemb       memb.o
    0x0800a6f8   0x0000001c   Code   RO         7407    i.memb_numfree      memb.o
    0x0800a714   0x00000004   Code   RO        10658    i.nbr_callback      rpl-dag.o
    0x0800a718   0x00000028   Code   RO         7543    i.nbr_get_bit       nbr-table.o
    0x0800a740   0x00000032   Code   RO         7544    i.nbr_set_bit       nbr-table.o
    0x0800a772   0x00000002   PAD
    0x0800a774   0x00000074   Code   RO         7545    i.nbr_table_add_lladdr  nbr-table.o
    0x0800a7e8   0x000000a0   Code   RO         7546    i.nbr_table_allocate  nbr-table.o
    0x0800a888   0x0000002c   Code   RO         7547    i.nbr_table_get_from_lladdr  nbr-table.o
    0x0800a8b4   0x0000000e   Code   RO         7548    i.nbr_table_get_lladdr  nbr-table.o
    0x0800a8c2   0x00000002   PAD
    0x0800a8c4   0x0000003c   Code   RO         7549    i.nbr_table_head    nbr-table.o
    0x0800a900   0x00000010   Code   RO         7550    i.nbr_table_lock    nbr-table.o
    0x0800a910   0x00000034   Code   RO         7551    i.nbr_table_next    nbr-table.o
    0x0800a944   0x00000028   Code   RO         7552    i.nbr_table_register  nbr-table.o
    0x0800a96c   0x0000002c   Code   RO         7553    i.nbr_table_remove  nbr-table.o
    0x0800a998   0x00000010   Code   RO         7554    i.nbr_table_unlock  nbr-table.o
    0x0800a9a8   0x00000042   Code   RO         7555    i.nbr_table_update_lladdr  nbr-table.o
    0x0800a9ea   0x00000002   PAD
    0x0800a9ec   0x00000038   Code   RO         7663    i.netstack_init     netstack.o
    0x0800aa24   0x00000058   Code   RO        11375    i.new_dio_interval  rpl-timers.o
    0x0800aa7c   0x00000034   Code   RO        12395    i.node_id_restore   node-id.o
    0x0800aab0   0x00000218   Code   RO         9878    i.ns_input          uip-nd6.o
    0x0800acc8   0x000000f4   Code   RO         7251    i.numValue          tiny-json.o
    0x0800adbc   0x00000130   Code   RO         7252    i.objValue          tiny-json.o
    0x0800aeec   0x0000000c   Code   RO         9959    i.off               csma.o
    0x0800aef8   0x00000010   Code   RO        10419    i.off               nullrdc.o
    0x0800af08   0x0000000c   Code   RO         9960    i.on                csma.o
    0x0800af14   0x0000000c   Code   RO        10420    i.on                nullrdc.o
    0x0800af20   0x0000007c   Code   RO         6739    i.output            slip-bridge.o
    0x0800af9c   0x000001cc   Code   RO         8897    i.output            sicslowpan.o
    0x0800b168   0x0000003c   Code   RO        10421    i.packet_input      nullrdc.o
    0x0800b1a4   0x00000020   Code   RO         8898    i.packet_sent       sicslowpan.o
    0x0800b1c4   0x000000d8   Code   RO         9961    i.packet_sent       csma.o
    0x0800b29c   0x00000010   Code   RO         7679    i.packetbuf_addr    packetbuf.o
    0x0800b2ac   0x0000000c   Code   RO         7680    i.packetbuf_attr    packetbuf.o
    0x0800b2b8   0x0000002c   Code   RO         7681    i.packetbuf_attr_clear  packetbuf.o
    0x0800b2e4   0x00000024   Code   RO         7682    i.packetbuf_attr_copyfrom  packetbuf.o
    0x0800b308   0x00000020   Code   RO         7683    i.packetbuf_attr_copyto  packetbuf.o
    0x0800b328   0x00000014   Code   RO         7684    i.packetbuf_clear   packetbuf.o
    0x0800b33c   0x00000028   Code   RO         7686    i.packetbuf_copyfrom  packetbuf.o
    0x0800b364   0x00000038   Code   RO         7687    i.packetbuf_copyto  packetbuf.o
    0x0800b39c   0x0000000c   Code   RO         7688    i.packetbuf_datalen  packetbuf.o
    0x0800b3a8   0x00000014   Code   RO         7689    i.packetbuf_dataptr  packetbuf.o
    0x0800b3bc   0x0000003c   Code   RO         7690    i.packetbuf_hdralloc  packetbuf.o
    0x0800b3f8   0x00000010   Code   RO         7691    i.packetbuf_hdrlen  packetbuf.o
    0x0800b408   0x0000000c   Code   RO         7692    i.packetbuf_hdrptr  packetbuf.o
    0x0800b414   0x00000020   Code   RO         7693    i.packetbuf_hdrreduce  packetbuf.o
    0x0800b434   0x00000010   Code   RO         7694    i.packetbuf_holds_broadcast  packetbuf.o
    0x0800b444   0x00000018   Code   RO         7696    i.packetbuf_set_addr  packetbuf.o
    0x0800b45c   0x00000010   Code   RO         7697    i.packetbuf_set_attr  packetbuf.o
    0x0800b46c   0x0000000c   Code   RO         7698    i.packetbuf_set_datalen  packetbuf.o
    0x0800b478   0x00000014   Code   RO         7699    i.packetbuf_totlen  packetbuf.o
    0x0800b48c   0x00000014   Code   RO        11217    i.parent_has_usable_link  rpl-mrhof.o
    0x0800b4a0   0x00000024   Code   RO        11218    i.parent_is_acceptable  rpl-mrhof.o
    0x0800b4c4   0x00000012   Code   RO        11219    i.parent_link_metric  rpl-mrhof.o
    0x0800b4d6   0x00000030   Code   RO        11220    i.parent_path_cost  rpl-mrhof.o
    0x0800b506   0x0000008e   Code   RO        10237    i.parse             framer-802154.o
    0x0800b594   0x00000080   Code   RO         7253    i.parseString       tiny-json.o
    0x0800b614   0x0000002c   Code   RO         7947    i.periodic          link-stats.o
    0x0800b640   0x0000002c   Code   RO        11118    i.prepare_for_dao_fwd  rpl-icmp6.o
    0x0800b66c   0x00000032   Code   RO         7254    i.primitiveValue    tiny-json.o
    0x0800b69e   0x00000002   PAD
    0x0800b6a0   0x0000045c   Code   RO        12331    i.print_parameters  contiki-spirit1-main.o
    0x0800bafc   0x00000010   Code   RO        11818    i.process_alloc_event  process.o
    0x0800bb0c   0x00000018   Code   RO        11820    i.process_init      process.o
    0x0800bb24   0x0000001c   Code   RO        11823    i.process_poll      process.o
    0x0800bb40   0x00000044   Code   RO        11824    i.process_post      process.o
    0x0800bb84   0x00000014   Code   RO        11825    i.process_post_synch  process.o
    0x0800bb98   0x0000001c   Code   RO        11826    i.process_run       process.o
    0x0800bbb4   0x00000038   Code   RO        11827    i.process_start     process.o
    0x0800bbec   0x00000080   Code   RO        11633    i.process_thread_ctimer_process  ctimer.o
    0x0800bc6c   0x000000a0   Code   RO        11727    i.process_thread_etimer_process  etimer.o
    0x0800bd0c   0x000000b4   Code   RO         7458    i.process_thread_sensors_process  sensors.o
    0x0800bdc0   0x000000d0   Code   RO         6792    i.process_thread_servreg_hack_process  servreg-hack.o
    0x0800be90   0x000000a8   Code   RO         8314    i.process_thread_simple_udp_process  simple-udp.o
    0x0800bf38   0x0000005c   Code   RO        12766    i.process_thread_slip_process  slip.o
    0x0800bf94   0x000000a0   Code   RO        12461    i.process_thread_spirit_radio_process  spirit1.o
    0x0800c034   0x00000078   Code   RO         8355    i.process_thread_tcpip_process  tcpip.o
    0x0800c0ac   0x000000f8   Code   RO         3611    i.process_thread_unicast_receiver_process  border-router_1.o
    0x0800c1a4   0x00000070   Code   RO         6793    i.purge_registrations  servreg-hack.o
    0x0800c214   0x0000000c   Code   RO         7811    i.queuebuf_attr     queuebuf.o
    0x0800c220   0x0000002c   Code   RO         7815    i.queuebuf_free     queuebuf.o
    0x0800c24c   0x00000018   Code   RO         7816    i.queuebuf_init     queuebuf.o
    0x0800c264   0x00000044   Code   RO         7817    i.queuebuf_new_from_packetbuf  queuebuf.o
    0x0800c2a8   0x0000000c   Code   RO         7818    i.queuebuf_numfree  queuebuf.o
    0x0800c2b4   0x00000034   Code   RO         7819    i.queuebuf_to_packetbuf  queuebuf.o
    0x0800c2e8   0x0000000c   Code   RO         7820    i.queuebuf_update_attr_from_packetbuf  queuebuf.o
    0x0800c2f4   0x00000004   Code   RO         7439    i.random_init       random.o
    0x0800c2f8   0x0000000a   Code   RO         7440    i.random_rand       random.o
    0x0800c302   0x00000042   Code   RO        11221    i.rank_via_parent   rpl-mrhof.o
    0x0800c344   0x0000000c   Code   RO         6925    i.readEEPROMByte    esp8266.o
    0x0800c350   0x00000050   Code   RO         3612    i.receiver          border-router_1.o
    0x0800c3a0   0x00000048   Code   RO         9177    i.remove_ext_hdr    uip6.o
    0x0800c3e8   0x00000064   Code   RO         7556    i.remove_key        nbr-table.o
    0x0800c44c   0x00000038   Code   RO        10659    i.remove_parents    rpl-dag.o
    0x0800c484   0x00000002   Code   RO        11222    i.reset             rpl-mrhof.o
    0x0800c486   0x00000014   Code   RO         9962    i.rexmit            csma.o
    0x0800c49a   0x00000002   PAD
    0x0800c49c   0x00000030   Code   RO         9657    i.rm_routelist      uip-ds6-route.o
    0x0800c4cc   0x00000004   Code   RO         9658    i.rm_routelist_callback  uip-ds6-route.o
    0x0800c4d0   0x00000094   Code   RO        12837    i.round             m_ws.l(round.o)
    0x0800c564   0x00000102   Code   RO        10660    i.rpl_add_dag       rpl-dag.o
    0x0800c666   0x00000002   PAD
    0x0800c668   0x00000034   Code   RO        10661    i.rpl_add_parent    rpl-dag.o
    0x0800c69c   0x0000003c   Code   RO        10560    i.rpl_add_route     rpl.o
    0x0800c6d8   0x00000048   Code   RO        10662    i.rpl_alloc_dag     rpl-dag.o
    0x0800c720   0x00000048   Code   RO        10663    i.rpl_alloc_instance  rpl-dag.o
    0x0800c768   0x00000014   Code   RO        10664    i.rpl_dag_init      rpl-dag.o
    0x0800c77c   0x00000018   Code   RO        10665    i.rpl_find_of       rpl-dag.o
    0x0800c794   0x00000016   Code   RO        10666    i.rpl_find_parent   rpl-dag.o
    0x0800c7aa   0x0000001a   Code   RO        10667    i.rpl_find_parent_any_dag  rpl-dag.o
    0x0800c7c4   0x0000003c   Code   RO        10668    i.rpl_free_dag      rpl-dag.o
    0x0800c800   0x00000018   Code   RO        10670    i.rpl_get_any_dag   rpl-dag.o
    0x0800c818   0x0000004c   Code   RO        10671    i.rpl_get_dag       rpl-dag.o
    0x0800c864   0x0000001c   Code   RO        10673    i.rpl_get_instance  rpl-dag.o
    0x0800c880   0x0000000c   Code   RO        10561    i.rpl_get_mode      rpl.o
    0x0800c88c   0x00000010   Code   RO        10675    i.rpl_get_parent    rpl-dag.o
    0x0800c89c   0x0000000e   Code   RO        10676    i.rpl_get_parent_ipaddr  rpl-dag.o
    0x0800c8aa   0x0000000e   Code   RO        10678    i.rpl_get_parent_link_stats  rpl-dag.o
    0x0800c8b8   0x00000010   Code   RO        10679    i.rpl_get_parent_lladdr  rpl-dag.o
    0x0800c8c8   0x00000028   Code   RO        11119    i.rpl_icmp6_register_handlers  rpl-icmp6.o
    0x0800c8f0   0x00000028   Code   RO        11120    i.rpl_icmp6_update_nbr_table  rpl-icmp6.o
    0x0800c918   0x00000048   Code   RO        10562    i.rpl_init          rpl.o
    0x0800c960   0x00000040   Code   RO        10563    i.rpl_ipv6_neighbor_callback  rpl.o
    0x0800c9a0   0x00000120   Code   RO        10682    i.rpl_join_instance  rpl-dag.o
    0x0800cac0   0x00000060   Code   RO        10564    i.rpl_link_neighbor_callback  rpl.o
    0x0800cb20   0x0000008c   Code   RO        10683    i.rpl_local_repair  rpl-dag.o
    0x0800cbac   0x00000056   Code   RO        10684    i.rpl_move_parent   rpl-dag.o
    0x0800cc02   0x00000002   PAD
    0x0800cc04   0x00000028   Code   RO        11486    i.rpl_nbr_policy_find_removable  rpl-nbr-policy.o
    0x0800cc2c   0x00000058   Code   RO        10685    i.rpl_nullify_parent  rpl-dag.o
    0x0800cc84   0x0000000e   Code   RO        10686    i.rpl_parent_is_fresh  rpl-dag.o
    0x0800cc92   0x00000032   Code   RO        10687    i.rpl_parent_is_reachable  rpl-dag.o
    0x0800ccc4   0x0000022e   Code   RO        10689    i.rpl_process_dio   rpl-dag.o
    0x0800cef2   0x0000007a   Code   RO        10690    i.rpl_process_parent_event  rpl-dag.o
    0x0800cf6c   0x0000004c   Code   RO        10565    i.rpl_purge_dags    rpl.o
    0x0800cfb8   0x00000064   Code   RO        10566    i.rpl_purge_routes  rpl.o
    0x0800d01c   0x0000001a   Code   RO        10691    i.rpl_rank_via_parent  rpl-dag.o
    0x0800d036   0x00000002   PAD
    0x0800d038   0x0000003c   Code   RO        10692    i.rpl_recalculate_ranks  rpl-dag.o
    0x0800d074   0x0000008c   Code   RO        11068    i.rpl_remove_header  rpl-ext-header.o
    0x0800d100   0x0000001c   Code   RO        10693    i.rpl_remove_parent  rpl-dag.o
    0x0800d11c   0x00000020   Code   RO        10567    i.rpl_remove_routes  rpl.o
    0x0800d13c   0x0000003a   Code   RO        10568    i.rpl_remove_routes_by_nexthop  rpl.o
    0x0800d176   0x00000044   Code   RO        10694    i.rpl_repair_root   rpl-dag.o
    0x0800d1ba   0x0000001c   Code   RO        11377    i.rpl_reset_dio_timer  rpl-timers.o
    0x0800d1d6   0x00000002   PAD
    0x0800d1d8   0x00000038   Code   RO        11378    i.rpl_reset_periodic_timer  rpl-timers.o
    0x0800d210   0x00000008   Code   RO        11379    i.rpl_schedule_dao  rpl-timers.o
    0x0800d218   0x00000020   Code   RO        11381    i.rpl_schedule_probing  rpl-timers.o
    0x0800d238   0x00000014   Code   RO        11382    i.rpl_schedule_unicast_dio_immediately  rpl-timers.o
    0x0800d24c   0x00000140   Code   RO        10695    i.rpl_select_dag    rpl-dag.o
    0x0800d38c   0x0000004e   Code   RO        10696    i.rpl_select_parent  rpl-dag.o
    0x0800d3da   0x0000002c   Code   RO        10698    i.rpl_set_default_route  rpl-dag.o
    0x0800d406   0x00000002   PAD
    0x0800d408   0x00000028   Code   RO        10699    i.rpl_set_preferred_parent  rpl-dag.o
    0x0800d430   0x0000005c   Code   RO        10700    i.rpl_set_prefix    rpl-dag.o
    0x0800d48c   0x00000110   Code   RO        10701    i.rpl_set_root      rpl-dag.o
    0x0800d59c   0x00000070   Code   RO        11069    i.rpl_update_header  rpl-ext-header.o
    0x0800d60c   0x000000f4   Code   RO        11070    i.rpl_verify_hbh_header  rpl-ext-header.o
    0x0800d700   0x00000094   Code   RO        12417    i.rtimer_arch_init  rtimer-arch.o
    0x0800d794   0x0000000c   Code   RO        12418    i.rtimer_arch_now   rtimer-arch.o
    0x0800d7a0   0x00000004   Code   RO        11924    i.rtimer_init       rtimer.o
    0x0800d7a4   0x00000054   Code   RO        11383    i.schedule_dao      rpl-timers.o
    0x0800d7f8   0x0000004c   Code   RO         9963    i.schedule_transmission  csma.o
    0x0800d844   0x00000020   Code   RO         9925    i.send              nullsec.o
    0x0800d864   0x00000024   Code   RO        10422    i.send_list         nullrdc.o
    0x0800d888   0x00000068   Code   RO        10423    i.send_one_packet   nullrdc.o
    0x0800d8f0   0x00000024   Code   RO         8901    i.send_packet       sicslowpan.o
    0x0800d914   0x00000130   Code   RO         9964    i.send_packet       csma.o
    0x0800da44   0x00000004   Code   RO        10424    i.send_packet       nullrdc.o
    0x0800da48   0x000000b4   Code   RO         6794    i.send_udp_packet   servreg-hack.o
    0x0800dafc   0x00000034   Code   RO         6795    i.servreg_hack_init  servreg-hack.o
    0x0800db30   0x00000018   Code   RO         6798    i.servreg_hack_list_head  servreg-hack.o
    0x0800db48   0x00000098   Code   RO         6800    i.servreg_hack_register  servreg-hack.o
    0x0800dbe0   0x0000000a   Code   RO        11121    i.set16             rpl-icmp6.o
    0x0800dbea   0x00000016   Code   RO        11122    i.set32             rpl-icmp6.o
    0x0800dc00   0x00000020   Code   RO         7255    i.setToNull         tiny-json.o
    0x0800dc20   0x00000048   Code   RO        11384    i.set_dao_lifetime_timer  rpl-timers.o
    0x0800dc68   0x000000b4   Code   RO         3614    i.set_global_address  border-router_1.o
    0x0800dd1c   0x0000002c   Code   RO        10702    i.set_ip_from_prefix  rpl-dag.o
    0x0800dd48   0x00000040   Code   RO         8902    i.set_packet_attrs  sicslowpan.o
    0x0800dd88   0x000000e4   Code   RO         3615    i.set_prefix_64     border-router_1.o
    0x0800de6c   0x00000024   Code   RO         8904    i.sicslowpan_init   sicslowpan.o
    0x0800de90   0x00000080   Code   RO         8315    i.simple_udp_register  simple-udp.o
    0x0800df10   0x00000014   Code   RO        12663    i.slip_arch_init    uart-msg.o
    0x0800df24   0x0000000a   Code   RO        12664    i.slip_arch_writeb  uart-msg.o
    0x0800df2e   0x00000002   PAD
    0x0800df30   0x00000080   Code   RO        12767    i.slip_input_byte   slip.o
    0x0800dfb0   0x0000012c   Code   RO         6740    i.slip_input_callback  slip-bridge.o
    0x0800e0dc   0x00000160   Code   RO        12768    i.slip_poll_handler  slip.o
    0x0800e23c   0x00000050   Code   RO        12769    i.slip_send         slip.o
    0x0800e28c   0x0000000c   Code   RO        12770    i.slip_set_input_callback  slip.o
    0x0800e298   0x000000a8   Code   RO        12583    i.spirit1_arch_refresh_status  spirit1-arch.o
    0x0800e340   0x000000c4   Code   RO        12462    i.spirit1_interrupt_callback  spirit1.o
    0x0800e404   0x000000d4   Code   RO        12464    i.spirit_radio_channel_clear  spirit1.o
    0x0800e4d8   0x00000130   Code   RO        12465    i.spirit_radio_init  spirit1.o
    0x0800e608   0x000000a0   Code   RO        12466    i.spirit_radio_off  spirit1.o
    0x0800e6a8   0x000000b4   Code   RO        12467    i.spirit_radio_on   spirit1.o
    0x0800e75c   0x00000010   Code   RO        12468    i.spirit_radio_pending_packet  spirit1.o
    0x0800e76c   0x0000004c   Code   RO        12469    i.spirit_radio_prepare  spirit1.o
    0x0800e7b8   0x000000c0   Code   RO        12470    i.spirit_radio_read  spirit1.o
    0x0800e878   0x0000000c   Code   RO        12471    i.spirit_radio_receiving_packet  spirit1.o
    0x0800e884   0x00000018   Code   RO        12472    i.spirit_radio_send  spirit1.o
    0x0800e89c   0x0000011c   Code   RO        12473    i.spirit_radio_transmit  spirit1.o
    0x0800e9b8   0x0000004e   Code   RO        12474    i.spirit_set_ready_state  spirit1.o
    0x0800ea06   0x00000002   PAD
    0x0800ea08   0x0000001c   Code   RO         8356    i.start_periodic_tcp_timer  tcpip.o
    0x0800ea24   0x00000014   Code   RO        12032    i.status            button-sensor.o
    0x0800ea38   0x00000014   Code   RO        12122    i.status            radio-sensor.o
    0x0800ea4c   0x00000020   Code   RO        11951    i.stimer_expired    stimer.o
    0x0800ea6c   0x0000000e   Code   RO        11955    i.stimer_set        stimer.o
    0x0800ea7a   0x00000002   PAD
    0x0800ea7c   0x00000064   Code   RO         8905    i.store_fragment    sicslowpan.o
    0x0800eae0   0x00000024   Code   RO         8361    i.tcpip_input       tcpip.o
    0x0800eb04   0x000000f0   Code   RO         8362    i.tcpip_ipv6_output  tcpip.o
    0x0800ebf4   0x00000018   Code   RO         8363    i.tcpip_output      tcpip.o
    0x0800ec0c   0x0000000c   Code   RO         8366    i.tcpip_set_outputfunc  tcpip.o
    0x0800ec18   0x0000006c   Code   RO         8367    i.tcpip_uipcall     tcpip.o
    0x0800ec84   0x0000001c   Code   RO        11992    i.timer_expired     timer.o
    0x0800eca0   0x0000000a   Code   RO        11994    i.timer_reset       timer.o
    0x0800ecaa   0x0000000c   Code   RO        11995    i.timer_restart     timer.o
    0x0800ecb6   0x0000000e   Code   RO        11996    i.timer_set         timer.o
    0x0800ecc4   0x00000028   Code   RO         9965    i.transmit_packet_list  csma.o
    0x0800ecec   0x0000002a   Code   RO         9966    i.tx_done           csma.o
    0x0800ed16   0x00000002   PAD
    0x0800ed18   0x00000018   Code   RO        12275    i.uart_send_char    console.o
    0x0800ed30   0x00000014   Code   RO        12666    i.uart_send_msg     uart-msg.o
    0x0800ed44   0x00000042   Code   RO         8369    i.udp_broadcast_new  tcpip.o
    0x0800ed86   0x00000002   PAD
    0x0800ed88   0x00000020   Code   RO         8370    i.udp_new           tcpip.o
    0x0800eda8   0x0000005c   Code   RO         9178    i.uip_add32         uip6.o
    0x0800ee04   0x0000002c   Code   RO         9179    i.uip_add_rcv_nxt   uip6.o
    0x0800ee30   0x000000c0   Code   RO         8714    i.uip_debug_ipaddr_print  uip-debug.o
    0x0800eef0   0x00000090   Code   RO         9340    i.uip_ds6_addr_add  uip-ds6.o
    0x0800ef80   0x0000002c   Code   RO         9341    i.uip_ds6_addr_lookup  uip-ds6.o
    0x0800efac   0x00000048   Code   RO         9342    i.uip_ds6_addr_rm   uip-ds6.o
    0x0800eff4   0x00000034   Code   RO         9343    i.uip_ds6_compute_reachable_time  uip-ds6.o
    0x0800f028   0x00000058   Code   RO         9659    i.uip_ds6_defrt_add  uip-ds6-route.o
    0x0800f080   0x00000034   Code   RO         9660    i.uip_ds6_defrt_choose  uip-ds6-route.o
    0x0800f0b4   0x0000002c   Code   RO         9662    i.uip_ds6_defrt_lookup  uip-ds6-route.o
    0x0800f0e0   0x00000034   Code   RO         9663    i.uip_ds6_defrt_periodic  uip-ds6-route.o
    0x0800f114   0x00000040   Code   RO         9664    i.uip_ds6_defrt_rm  uip-ds6-route.o
    0x0800f154   0x00000040   Code   RO         9345    i.uip_ds6_get_link_local  uip-ds6.o
    0x0800f194   0x000000d0   Code   RO         9346    i.uip_ds6_init      uip-ds6.o
    0x0800f264   0x0000003c   Code   RO         9347    i.uip_ds6_is_addr_onlink  uip-ds6.o
    0x0800f2a0   0x00000038   Code   RO         9487    i.uip_ds6_link_neighbor_callback  uip-ds6-nbr.o
    0x0800f2d8   0x00000048   Code   RO         9348    i.uip_ds6_list_loop  uip-ds6.o
    0x0800f320   0x00000040   Code   RO         9349    i.uip_ds6_maddr_add  uip-ds6.o
    0x0800f360   0x0000002c   Code   RO         9350    i.uip_ds6_maddr_lookup  uip-ds6.o
    0x0800f38c   0x0000000a   Code   RO         9351    i.uip_ds6_maddr_rm  uip-ds6.o
    0x0800f396   0x00000002   PAD
    0x0800f398   0x00000034   Code   RO         9488    i.uip_ds6_nbr_add   uip-ds6-nbr.o
    0x0800f3cc   0x00000010   Code   RO         9490    i.uip_ds6_nbr_get_ll  uip-ds6-nbr.o
    0x0800f3dc   0x00000004   Code   RO         9491    i.uip_ds6_nbr_ipaddr_from_lladdr  uip-ds6-nbr.o
    0x0800f3e0   0x00000010   Code   RO         9492    i.uip_ds6_nbr_ll_lookup  uip-ds6-nbr.o
    0x0800f3f0   0x00000014   Code   RO         9493    i.uip_ds6_nbr_lladdr_from_ipaddr  uip-ds6-nbr.o
    0x0800f404   0x00000038   Code   RO         9494    i.uip_ds6_nbr_lookup  uip-ds6-nbr.o
    0x0800f43c   0x00000020   Code   RO         9496    i.uip_ds6_nbr_rm    uip-ds6-nbr.o
    0x0800f45c   0x0000001c   Code   RO         9497    i.uip_ds6_neighbors_init  uip-ds6-nbr.o
    0x0800f478   0x00000048   Code   RO         9352    i.uip_ds6_periodic  uip-ds6.o
    0x0800f4c0   0x00000058   Code   RO         9353    i.uip_ds6_prefix_add  uip-ds6.o
    0x0800f518   0x000000e0   Code   RO         9667    i.uip_ds6_route_add  uip-ds6-route.o
    0x0800f5f8   0x0000000c   Code   RO         9668    i.uip_ds6_route_head  uip-ds6-route.o
    0x0800f604   0x0000003c   Code   RO         9669    i.uip_ds6_route_init  uip-ds6-route.o
    0x0800f640   0x00000024   Code   RO         9670    i.uip_ds6_route_is_nexthop  uip-ds6-route.o
    0x0800f664   0x00000064   Code   RO         9671    i.uip_ds6_route_lookup  uip-ds6-route.o
    0x0800f6c8   0x0000000a   Code   RO         9672    i.uip_ds6_route_next  uip-ds6-route.o
    0x0800f6d2   0x00000002   PAD
    0x0800f6d4   0x00000020   Code   RO         9673    i.uip_ds6_route_nexthop  uip-ds6-route.o
    0x0800f6f4   0x00000094   Code   RO         9675    i.uip_ds6_route_rm  uip-ds6-route.o
    0x0800f788   0x0000009c   Code   RO         9356    i.uip_ds6_select_src  uip-ds6.o
    0x0800f824   0x00000012   Code   RO         9357    i.uip_ds6_set_addr_iid  uip-ds6.o
    0x0800f836   0x00000004   Code   RO         9182    i.uip_htonl         uip6.o
    0x0800f83a   0x00000002   PAD
    0x0800f83c   0x0000011c   Code   RO         9808    i.uip_icmp6_error_output  uip-icmp6.o
    0x0800f958   0x00000018   Code   RO         9809    i.uip_icmp6_init    uip-icmp6.o
    0x0800f970   0x00000040   Code   RO         9810    i.uip_icmp6_input   uip-icmp6.o
    0x0800f9b0   0x00000010   Code   RO         9811    i.uip_icmp6_register_input_handler  uip-icmp6.o
    0x0800f9c0   0x00000080   Code   RO         9812    i.uip_icmp6_send    uip-icmp6.o
    0x0800fa40   0x00000006   Code   RO         9184    i.uip_icmp6chksum   uip6.o
    0x0800fa46   0x00000002   PAD
    0x0800fa48   0x0000005c   Code   RO         9185    i.uip_init          uip6.o
    0x0800faa4   0x0000000c   Code   RO         9879    i.uip_nd6_init      uip-nd6.o
    0x0800fab0   0x00000bbc   Code   RO         9187    i.uip_process       uip6.o
    0x0801066c   0x00000006   Code   RO         9189    i.uip_tcpchksum     uip6.o
    0x08010672   0x00000002   PAD
    0x08010674   0x0000009c   Code   RO         9190    i.uip_udp_new       uip6.o
    0x08010710   0x00000038   Code   RO         8867    i.uip_udp_packet_send  uip-udp-packet.o
    0x08010748   0x00000006   Code   RO         9191    i.uip_udpchksum     uip6.o
    0x0801074e   0x00000002   PAD
    0x08010750   0x00000020   Code   RO         9192    i.uip_unlisten      uip6.o
    0x08010770   0x00000074   Code   RO         8906    i.uncompress_addr   sicslowpan.o
    0x080107e4   0x000002dc   Code   RO         8907    i.uncompress_hdr_iphc  sicslowpan.o
    0x08010ac0   0x000000d4   Code   RO        11071    i.update_hbh_header  rpl-ext-header.o
    0x08010b94   0x00000006   Code   RO        11223    i.update_metric_container  rpl-mrhof.o
    0x08010b9a   0x00000002   PAD
    0x08010b9c   0x000000d4   Code   RO        11487    i.update_nbr        rpl-nbr-policy.o
    0x08010c70   0x00000038   Code   RO        11728    i.update_time       etimer.o
    0x08010ca8   0x00000050   Code   RO         9193    i.upper_layer_chksum  uip6.o
    0x08010cf8   0x00000006   Code   RO        12033    i.value             button-sensor.o
    0x08010cfe   0x00000002   PAD
    0x08010d00   0x00000040   Code   RO        12123    i.value             radio-sensor.o
    0x08010d40   0x00000002   Code   RO        12619    i.watchdog_init     watchdog.o
    0x08010d42   0x00000002   Code   RO        12620    i.watchdog_periodic  watchdog.o
    0x08010d44   0x00000002   Code   RO        12622    i.watchdog_start    watchdog.o
    0x08010d46   0x00000002   PAD
    0x08010d48   0x00000024   Code   RO         6926    i.writeEEPROMByte   esp8266.o
    0x08010d6c   0x00000008   Data   RO          746    .constdata          spirit_management.o
    0x08010d74   0x00000154   Data   RO         1532    .constdata          spirit_radio.o
    0x08010ec8   0x00000006   Data   RO         2209    .constdata          stm32l1xx_nucleo.o
    0x08010ece   0x00000002   PAD
    0x08010ed0   0x00000048   Data   RO         2528    .constdata          radio_gpio.o
    0x08010f18   0x00000002   Data   RO         2698    .constdata          radio_shield_config.o
    0x08010f1a   0x00000019   Data   RO         2836    .constdata          system_stm32l1xx.o
    0x08010f33   0x00000008   Data   RO         2837    .constdata          system_stm32l1xx.o
    0x08010f3b   0x00000001   PAD
    0x08010f3c   0x00000008   Data   RO         3617    .constdata          border-router_1.o
    0x08010f44   0x00000008   Data   RO         6742    .constdata          slip-bridge.o
    0x08010f4c   0x00000041   Data   RO         7256    .constdata          tiny-json.o
    0x08010f8d   0x00000008   Data   RO         7508    .constdata          linkaddr.o
    0x08010f95   0x00000012   Data   RO         8909    .constdata          sicslowpan.o
    0x08010fa7   0x00000001   PAD
    0x08010fa8   0x0000000c   Data   RO         8910    .constdata          sicslowpan.o
    0x08010fb4   0x00000010   Data   RO         9926    .constdata          nullsec.o
    0x08010fc4   0x0000001c   Data   RO         9972    .constdata          csma.o
    0x08010fe0   0x0000000c   Data   RO        10238    .constdata          framer-802154.o
    0x08010fec   0x00000020   Data   RO        10425    .constdata          nullrdc.o
    0x0801100c   0x00000004   Data   RO        10705    .constdata          rpl-dag.o
    0x08011010   0x00000010   Data   RO        12034    .constdata          button-sensor.o
    0x08011020   0x00000010   Data   RO        12124    .constdata          radio-sensor.o
    0x08011030   0x00000038   Data   RO        12476    .constdata          spirit1.o
    0x08011068   0x00000030   Data   RO        12477    .constdata          spirit1.o
    0x08011098   0x00000081   Data   RO        12849    .constdata          mc_w.l(ctype_o.o)
    0x08011119   0x00000003   PAD
    0x0801111c   0x00000004   Data   RO        12850    .constdata          mc_w.l(ctype_o.o)
    0x08011120   0x00000065   Data   RO         3618    .conststring        border-router_1.o
    0x08011185   0x00000003   PAD
    0x08011188   0x0000009d   Data   RO         6804    .conststring        servreg-hack.o
    0x08011225   0x00000003   PAD
    0x08011228   0x000000e1   Data   RO         6929    .conststring        esp8266.o
    0x08011309   0x00000003   PAD
    0x0801130c   0x0000000b   Data   RO         7257    .conststring        tiny-json.o
    0x08011317   0x00000001   PAD
    0x08011318   0x00000008   Data   RO         7463    .conststring        sensors.o
    0x08011320   0x00000013   Data   RO         8320    .conststring        simple-udp.o
    0x08011333   0x00000001   PAD
    0x08011334   0x0000000d   Data   RO         8372    .conststring        tcpip.o
    0x08011341   0x00000003   PAD
    0x08011344   0x0000000b   Data   RO         8911    .conststring        sicslowpan.o
    0x0801134f   0x00000001   PAD
    0x08011350   0x00000008   Data   RO         9927    .conststring        nullsec.o
    0x08011358   0x00000005   Data   RO         9973    .conststring        csma.o
    0x0801135d   0x00000003   PAD
    0x08011360   0x00000008   Data   RO        10426    .conststring        nullrdc.o
    0x08011368   0x0000000f   Data   RO        11634    .conststring        ctimer.o
    0x08011377   0x00000001   PAD
    0x08011378   0x0000000c   Data   RO        11729    .conststring        etimer.o
    0x08011384   0x00000007   Data   RO        12035    .conststring        button-sensor.o
    0x0801138b   0x00000001   PAD
    0x0801138c   0x00000006   Data   RO        12125    .conststring        radio-sensor.o
    0x08011392   0x00000002   PAD
    0x08011394   0x00000014   Data   RO        12478    .conststring        spirit1.o
    0x080113a8   0x0000000c   Data   RO        12773    .conststring        slip.o
    0x080113b4   0x00000020   Data   RO        13375    Region$$Table       anon$$obj.o


    Execution Region RW_IRAM1 (Base: 0x20000000, Size: 0x00005508, Max: 0x00014000, ABSOLUTE, COMPRESSED[0x0000018c])

    Base Addr    Size         Type   Attr      Idx    E Section Name        Object

    0x20000000   0x00000008   Data   RW          747    .data               spirit_management.o
    0x20000008   0x00000008   Data   RW         1533    .data               spirit_radio.o
    0x20000010   0x00000002   Data   RW         2153    .data               spirit_types.o
    0x20000012   0x00000002   PAD
    0x20000014   0x0000000c   Data   RW         2210    .data               stm32l1xx_nucleo.o
    0x20000020   0x00000014   Data   RW         2529    .data               radio_gpio.o
    0x20000034   0x00000004   Data   RW         2699    .data               radio_shield_config.o
    0x20000038   0x00000004   Data   RW         2760    .data               radio_spi.o
    0x2000003c   0x00000004   Data   RW         2838    .data               system_stm32l1xx.o
    0x20000040   0x00000004   Data   RW         2895    .data               stm32l1xx_hal.o
    0x20000044   0x00000038   Data   RW         3622    .data               border-router_1.o
    0x2000007c   0x00000004   Data   RW         6440    .data               stm32l1xx_hal_msp.o
    0x20000080   0x00000004   Data   RW         6528    .data               stm32l1xx_it.o
    0x20000084   0x00000004   Data   RW         6805    .data               servreg-hack.o
    0x20000088   0x00000030   Data   RW         6806    .data               servreg-hack.o
    0x200000b8   0x00000004   Data   RW         6807    .data               servreg-hack.o
    0x200000bc   0x00000002   Data   RW         6930    .data               esp8266.o
    0x200000be   0x00000002   PAD
    0x200000c0   0x0000001c   Data   RW         7464    .data               sensors.o
    0x200000dc   0x00000008   Data   RW         7509    .data               linkaddr.o
    0x200000e4   0x00000014   Data   RW         7560    .data               nbr-table.o
    0x200000f8   0x00000004   Data   RW         7561    .data               nbr-table.o
    0x200000fc   0x0000000c   Data   RW         7702    .data               packetbuf.o
    0x20000108   0x00000018   Data   RW         7826    .data               queuebuf.o
    0x20000120   0x00000010   Data   RW         7950    .data               link-stats.o
    0x20000130   0x00000004   Data   RW         7951    .data               link-stats.o
    0x20000134   0x00000014   Data   RW         8321    .data               simple-udp.o
    0x20000148   0x00000018   Data   RW         8373    .data               tcpip.o
    0x20000160   0x00000020   Data   RW         8912    .data               sicslowpan.o
    0x20000180   0x00000028   Data   RW         9195    .data               uip6.o
    0x200001a8   0x00000008   Data   RW         9196    .data               uip6.o
    0x200001b0   0x00000014   Data   RW         9360    .data               uip-ds6.o
    0x200001c4   0x00000010   Data   RW         9499    .data               uip-ds6-nbr.o
    0x200001d4   0x00000004   Data   RW         9500    .data               uip-ds6-nbr.o
    0x200001d8   0x00000010   Data   RW         9683    .data               uip-ds6-route.o
    0x200001e8   0x00000038   Data   RW         9684    .data               uip-ds6-route.o
    0x20000220   0x00000004   Data   RW         9685    .data               uip-ds6-route.o
    0x20000224   0x00000004   Data   RW         9686    .data               uip-ds6-route.o
    0x20000228   0x00000004   Data   RW         9687    .data               uip-ds6-route.o
    0x2000022c   0x00000002   Data   RW         9688    .data               uip-ds6-route.o
    0x2000022e   0x00000002   PAD
    0x20000230   0x00000004   Data   RW         9814    .data               uip-icmp6.o
    0x20000234   0x00000020   Data   RW         9815    .data               uip-icmp6.o
    0x20000254   0x00000004   Data   RW         9816    .data               uip-icmp6.o
    0x20000258   0x0000001c   Data   RW         9880    .data               uip-nd6.o
    0x20000274   0x0000002c   Data   RW         9974    .data               csma.o
    0x200002a0   0x00000004   Data   RW         9975    .data               csma.o
    0x200002a4   0x00000002   Data   RW         9976    .data               csma.o
    0x200002a6   0x00000002   Data   RW        10063    .data               frame802154.o
    0x200002a8   0x00000002   Data   RW        10239    .data               framer-802154.o
    0x200002aa   0x00000001   Data   RW        10570    .data               rpl.o
    0x200002ab   0x00000001   PAD
    0x200002ac   0x00000010   Data   RW        10706    .data               rpl-dag.o
    0x200002bc   0x00000008   Data   RW        10707    .data               rpl-dag.o
    0x200002c4   0x00000034   Data   RW        11123    .data               rpl-icmp6.o
    0x200002f8   0x00000024   Data   RW        11224    .data               rpl-mrhof.o
    0x2000031c   0x00000004   Data   RW        11386    .data               rpl-timers.o
    0x20000320   0x00000018   Data   RW        11489    .data               rpl-nbr-policy.o
    0x20000338   0x00000004   Data   RW        11635    .data               ctimer.o
    0x2000033c   0x00000018   Data   RW        11636    .data               ctimer.o
    0x20000354   0x00000018   Data   RW        11730    .data               etimer.o
    0x2000036c   0x00000010   Data   RW        11829    .data               process.o
    0x2000037c   0x00000004   Data   RW        12036    .data               button-sensor.o
    0x20000380   0x00000004   Data   RW        12126    .data               radio-sensor.o
    0x20000384   0x00000008   Data   RW        12209    .data               clock.o
    0x2000038c   0x0000000c   Data   RW        12332    .data               contiki-spirit1-main.o
    0x20000398   0x00000003   Data   RW        12334    .data               contiki-spirit1-main.o
    0x2000039b   0x00000001   PAD
    0x2000039c   0x0000000a   Data   RW        12397    .data               node-id.o
    0x200003a6   0x00000002   PAD
    0x200003a8   0x00000004   Data   RW        12421    .data               rtimer-arch.o
    0x200003ac   0x00000028   Data   RW        12479    .data               spirit1.o
    0x200003d4   0x00000001   Data   RW        12668    .data               uart-msg.o
    0x200003d5   0x00000003   PAD
    0x200003d8   0x0000001c   Data   RW        12774    .data               slip.o
    0x200003f4   0x00000004   Data   RW        12879    .data               mc_w.l(rand.o)
    0x200003f8   0x00000004   Data   RW        12906    .data               mc_w.l(strtok.o)
    0x200003fc   0x00000004   Data   RW        13311    .data               mc_w.l(stdout.o)
    0x20000400   0x00000004   Data   RW        13320    .data               mc_w.l(mvars.o)
    0x20000404   0x00000004   Data   RW        13321    .data               mc_w.l(mvars.o)
    0x20000408   0x00000004   Data   RW        13325    .data               mc_w.l(errno.o)
    0x2000040c   0x00000058   Zero   RW         2759    .bss                radio_spi.o
    0x20000464   0x00000018   Zero   RW         3517    .bss                stm32l1xx_hal_flash.o
    0x2000047c   0x00000164   Zero   RW         3616    .bss                border-router_1.o
    0x200005e0   0x00000040   Zero   RW         6306    .bss                main.o
    0x20000620   0x00000044   Zero   RW         6307    .bss                main.o
    0x20000664   0x00000020   Zero   RW         6373    .bss                cube_hal_l1.o
    0x20000684   0x00000200   Zero   RW         6438    .bss                stm32l1xx_hal_msp.o
    0x20000884   0x00000040   Zero   RW         6439    .bss                stm32l1xx_hal_msp.o
    0x200008c4   0x00000010   Zero   RW         6741    .bss                slip-bridge.o
    0x200008d4   0x00000020   Zero   RW         6801    .bss                servreg-hack.o
    0x200008f4   0x00000010   Zero   RW         6802    .bss                servreg-hack.o
    0x20000904   0x00000200   Zero   RW         6803    .bss                servreg-hack.o
    0x20000b04   0x00000dd8   Zero   RW         6927    .bss                esp8266.o
    0x200018dc   0x00000048   Zero   RW         7557    .bss                nbr-table.o
    0x20001924   0x00000014   Zero   RW         7558    .bss                nbr-table.o
    0x20001938   0x000000f0   Zero   RW         7559    .bss                nbr-table.o
    0x20001a28   0x0000002e   Zero   RW         7700    .bss                packetbuf.o
    0x20001a56   0x00000002   PAD
    0x20001a58   0x00000080   Zero   RW         7701    .bss                packetbuf.o
    0x20001ad8   0x00000010   Zero   RW         7822    .bss                queuebuf.o
    0x20001ae8   0x00000040   Zero   RW         7823    .bss                queuebuf.o
    0x20001b28   0x00000010   Zero   RW         7824    .bss                queuebuf.o
    0x20001b38   0x00000b00   Zero   RW         7825    .bss                queuebuf.o
    0x20002638   0x000000f0   Zero   RW         7948    .bss                link-stats.o
    0x20002728   0x00000020   Zero   RW         7949    .bss                link-stats.o
    0x20002748   0x00000514   Zero   RW         8319    .bss                simple-udp.o
    0x20002c5c   0x00000054   Zero   RW         8371    .bss                tcpip.o
    0x20002cb0   0x000006d0   Zero   RW         8908    .bss                sicslowpan.o
    0x20003380   0x00000764   Zero   RW         9194    .bss                uip6.o
    0x20003ae4   0x00000178   Zero   RW         9358    .bss                uip-ds6.o
    0x20003c5c   0x00000168   Zero   RW         9498    .bss                uip-ds6-nbr.o
    0x20003dc4   0x000000a0   Zero   RW         9677    .bss                uip-ds6-route.o
    0x20003e64   0x0000001e   Zero   RW         9678    .bss                uip-ds6-route.o
    0x20003e82   0x00000002   PAD
    0x20003e84   0x000000f0   Zero   RW         9679    .bss                uip-ds6-route.o
    0x20003f74   0x0000001e   Zero   RW         9680    .bss                uip-ds6-route.o
    0x20003f92   0x00000002   PAD
    0x20003f94   0x000004b0   Zero   RW         9681    .bss                uip-ds6-route.o
    0x20004444   0x00000040   Zero   RW         9682    .bss                uip-ds6-route.o
    0x20004484   0x00000010   Zero   RW         9813    .bss                uip-icmp6.o
    0x20004494   0x00000070   Zero   RW         9967    .bss                csma.o
    0x20004504   0x00000010   Zero   RW         9968    .bss                csma.o
    0x20004514   0x000000c0   Zero   RW         9969    .bss                csma.o
    0x200045d4   0x00000010   Zero   RW         9970    .bss                csma.o
    0x200045e4   0x000000c0   Zero   RW         9971    .bss                csma.o
    0x200046a4   0x000000a0   Zero   RW        10703    .bss                rpl-dag.o
    0x20004744   0x00000154   Zero   RW        10704    .bss                rpl-dag.o
    0x20004898   0x00000020   Zero   RW        11385    .bss                rpl-timers.o
    0x200048b8   0x00000020   Zero   RW        11488    .bss                rpl-nbr-policy.o
    0x200048d8   0x00000060   Zero   RW        11828    .bss                process.o
    0x20004938   0x0000000c   Zero   RW        12396    .bss                node-id.o
    0x20004944   0x00000038   Zero   RW        12420    .bss                rtimer-arch.o
    0x2000497c   0x00000061   Zero   RW        12475    .bss                spirit1.o
    0x200049dd   0x00000524   Zero   RW        12772    .bss                slip.o
    0x20004f01   0x00000007   PAD
    0x20004f08   0x00000200   Zero   RW         6296    HEAP                startup_stm32l152xe.o
    0x20005108   0x00000400   Zero   RW         6295    STACK               startup_stm32l152xe.o


==============================================================================

Image component sizes


      Code (inc. data)   RO Data    RW Data    ZI Data      Debug   Object Name

        26          0          0          0          0       1374   autostart.o
       884        304        109         56        356      50686   border-router_1.o
        66         10         23          4          0       3268   button-sensor.o
        84         22          0          8          0       3899   clock.o
        28          4          0          0          0       3332   console.o
      1328        880          0         15          0       3769   contiki-spirit1-main.o
       890         56         33         50        528      13426   csma.o
       388         50         15         28          0       6612   ctimer.o
       358         30          0          0         32       3803   cube_hal_l1.o
         4          0          0          0          0       1169   energest.o
      5126       1692        225          2       3544      36781   esp8266.o
       434         34         12         24          0       9613   etimer.o
       986         12          0          2          0       9572   frame802154.o
       442          4         12          2          0       4348   framer-802154.o
       356         48          0         20        272      30816   link-stats.o
        44          4          8          8          0       3867   linkaddr.o
       142          0          0          0          0       6146   list.o
        26          0          0          0          0        873   mac.o
       108          6          0          0        132      18736   main.o
       164          0          0          0          0       4422   memb.o
      1016         94          0         24        332      18614   nbr-table.o
        56         20          0          0          0        644   netstack.o
        52         14          0         10         12       2007   node-id.o
       248         42         40          0          0       6745   nullrdc.o
        46         10         24          0          0       2861   nullsec.o
       496        106          0         12        174      14325   packetbuf.o
       584         62          0         16         96      12003   process.o
       224         26          0         24       2912       6459   queuebuf.o
       112         18         22          4          0       3527   radio-sensor.o
       216         20         72         20          0      15209   radio_gpio.o
        68         12          2          4          0       1832   radio_shield_config.o
      1328        100          0          4         88       8374   radio_spi.o
        14          0          0          0          0       1260   random.o
      3772        100          4         24        500      50085   rpl-dag.o
       884         62          0          0          0       6556   rpl-ext-header.o
      2476        114          0         52          0      17263   rpl-icmp6.o
       338          0          0         36          0      14175   rpl-mrhof.o
       400         42          0         24         32       6213   rpl-nbr-policy.o
      1006         70          0          4         32      12931   rpl-timers.o
       570         30          0          1          0      18624   rpl.o
       160         14          0          4         56       2598   rtimer-arch.o
         4          0          0          0          0        574   rtimer.o
       180         14          8         28          0       3508   sensors.o
       880         80        157         56        560       8751   servreg-hack.o
      3632        142         41         32       1744      53930   sicslowpan.o
       296         36         19         20       1300       3343   simple-udp.o
       460        208          8          0         16       6460   slip-bridge.o
       664         46         12         28       1316       6343   slip.o
       168         10          0          0          0       1683   spirit1-arch.o
      1894        114        124         40         97      16656   spirit1.o
         0          0          0          0          0       7044   spirit_aes.o
       646         22          0          0          0       4479   spirit_calibration.o
        72          4          0          0          0       3053   spirit_commands.o
        88          4          0          0          0       1397   spirit_gpio.o
       480         20          0          0          0       3934   spirit_irq.o
        88          6          0          0          0        744   spirit_linearfifo.o
       692         62          8          8          0       4435   spirit_management.o
       852         20          0          0          0       3999   spirit_pktbasic.o
       260         10          0          0          0       1519   spirit_pktcommon.o
         0          0          0          0          0      28440   spirit_pktmbus.o
       592         26          0          0          0       3598   spirit_qi.o
      3948        312        340          8          0      22809   spirit_radio.o
       264         10          0          0          0       1496   spirit_timer.o
       104          6          0          2          0       3082   spirit_types.o
        36          8        292          0       1536        988   startup_stm32l152xe.o
        46          0          0          0          0       2234   stimer.o
       150         26          0          4          0       5054   stm32l1xx_hal.o
       240         14          0          0          0      29519   stm32l1xx_hal_cortex.o
       502         12          0          0          0       4911   stm32l1xx_hal_dma.o
       180         14          0          0         24       1922   stm32l1xx_hal_flash.o
       284         28          0          0          0       5496   stm32l1xx_hal_flash_ex.o
       484         46          0          0          0       4863   stm32l1xx_hal_gpio.o
       660         66          0          4        576       4946   stm32l1xx_hal_msp.o
      2724        110          0          0          0       8116   stm32l1xx_hal_rcc.o
       392         14          0          0          0       1796   stm32l1xx_hal_rcc_ex.o
       686         14          0          0          0       5823   stm32l1xx_hal_rtc.o
        58          0          0          0          0       1481   stm32l1xx_hal_rtc_ex.o
      1218          0          0          0          0       6665   stm32l1xx_hal_spi.o
       132          0          0          0          0       1403   stm32l1xx_hal_spi_ex.o
       878         24          0          0          0      12562   stm32l1xx_hal_tim.o
      2116         18          0          0          0      13044   stm32l1xx_hal_uart.o
       450         76          0          4          0      14800   stm32l1xx_it.o
       256         46          6         12          0     485012   stm32l1xx_nucleo.o
        80         18         33          4          0       1863   system_stm32l1xx.o
       986        126         13         24         84      32912   tcpip.o
        64          0          0          0          0       3386   timer.o
       994         56         76          0          0      14777   tiny-json.o
       122         32          0          1          0       4190   uart-msg.o
       192         48          0          0          0       1685   uip-debug.o
       280         42          0         20        360      30476   uip-ds6-nbr.o
      1042         72          0         86       1724      17719   uip-ds6-route.o
      1228        116          0         20        376      17364   uip-ds6.o
       844         90          0         40         16       9404   uip-icmp6.o
       548         26          0         28          0       3999   uip-nd6.o
        56         14          0          0          0        798   uip-udp-packet.o
      3804        108          0         48       1892      29960   uip6.o
         6          0          0          0          0       1749   watchdog.o

    ----------------------------------------------------------------------
     64048       6528       1796       1012      20732    1411011   Object Totals
         0          0         32          0          0          0   (incl. Generated)
        96          0         26         13         13          0   (incl. Padding)

    ----------------------------------------------------------------------

      Code (inc. data)   RO Data    RW Data    ZI Data      Debug   Library Member Name

       148         12          0          0          0         88   round.o
        86          0          0          0          0          0   __dczerorl2.o
        28          0          0          0          0         68   _chval.o
       158          0          0          0          0         92   _strtoul.o
        26          0          0          0          0         80   atoi.o
         8          4        133          0          0         68   ctype_o.o
         0          0          0          0          0          0   entry.o
         0          0          0          0          0          0   entry10a.o
         0          0          0          0          0          0   entry11a.o
         8          4          0          0          0          0   entry2.o
         4          0          0          0          0          0   entry5.o
         0          0          0          0          0          0   entry7b.o
         0          0          0          0          0          0   entry8b.o
         8          4          0          0          0          0   entry9a.o
         8          4          0          4          0         68   errno.o
        30          0          0          0          0          0   handlers.o
        36          8          0          0          0         68   init.o
         0          0          0          0          0          0   iusefp.o
        30          0          0          0          0         68   llshl.o
        36          0          0          0          0         68   llsshr.o
        32          0          0          0          0         68   llushr.o
       188         20          0          0          0        160   malloc.o
        26          0          0          0          0         80   memcmp.o
        64          0          0          0          0         76   memmovea.o
        36          0          0          0          0        108   memseta.o
         0          0          0          8          0          0   mvars.o
      1204         60          0          0          0        504   printf8.o
        36         10          0          4          0        136   rand.o
         0          0          0          4          0          0   stdout.o
        28          0          0          0          0         76   strcmp.o
        18          0          0          0          0         68   strcpy.o
        14          0          0          0          0         68   strlen.o
        36          0          0          0          0         80   strstr.o
        68          6          0          4          0         80   strtok.o
       112          0          0          0          0         88   strtol.o
        98          0          0          0          0         92   uldiv.o
        48          0          0          0          0         68   cdcmple.o
        48          0          0          0          0         68   cdrcmple.o
        20          0          0          0          0         68   cfcmple.o
        20          0          0          0          0         68   cfrcmple.o
       334          0          0          0          0        148   dadd.o
       222          0          0          0          0        100   ddiv.o
       186          0          0          0          0        176   depilogue.o
        50          0          0          0          0         76   dfixui.o
        34          0          0          0          0         76   dflti.o
        26          0          0          0          0         76   dfltui.o
       228          0          0          0          0         96   dmul.o
       136          4          0          0          0         92   drnd.o
        46          0          0          0          0         80   dscalb.o
       176          0          0          0          0        140   fadd.o
       124          0          0          0          0         88   fdiv.o
       110          0          0          0          0        168   fepilogue.o
        50          0          0          0          0         68   ffixi.o
        40          0          0          0          0         68   ffixui.o
        18          0          0          0          0         68   fflti.o
        10          0          0          0          0         68   ffltui.o
       100          0          0          0          0         76   fmul.o
        24          0          0          0          0         68   fscalb.o

    ----------------------------------------------------------------------
      4632        136        136         24          0       4356   Library Totals
         8          0          3          0          0          0   (incl. Padding)

    ----------------------------------------------------------------------

      Code (inc. data)   RO Data    RW Data    ZI Data      Debug   Library Name

       148         12          0          0          0         88   m_ws.l
      2426        120        133         24          0       2264   mc_w.l
      2050          4          0          0          0       2004   mf_w.l

    ----------------------------------------------------------------------
      4632        136        136         24          0       4356   Library Totals

    ----------------------------------------------------------------------

==============================================================================


      Code (inc. data)   RO Data    RW Data    ZI Data      Debug   

     68680       6664       1932       1036      20732    1380135   Grand Totals
     68680       6664       1932        396      20732    1380135   ELF Image Totals (compressed)
     68680       6664       1932        396          0          0   ROM Totals

==============================================================================

    Total RO  Size (Code + RO Data)                70612 (  68.96kB)
    Total RW  Size (RW Data + ZI Data)             21768 (  21.26kB)
    Total ROM Size (Code + RO Data + RW Data)      71008 (  69.34kB)

==============================================================================

